 keypad_template_sfun

 Timestamp is 5bfd5958 (Tue Nov 27 15:48:56 2018)

 Preferred load address is 0000000180000000

 Start         Length     Name                   Class
 0001:00000000 00020230H .text$mn                CODE
 0001:00020230 00000012H .text$mn$00             CODE
 0001:00020242 00000081H .text$x                 CODE
 0002:00000000 000005c0H .idata$5                DATA
 0002:000005c0 00000010H .00cfg                  DATA
 0002:000005d0 00000008H .CRT$XCA                DATA
 0002:000005d8 00000008H .CRT$XCZ                DATA
 0002:000005e0 00000008H .CRT$XIA                DATA
 0002:000005e8 00000008H .CRT$XIZ                DATA
 0002:000005f0 00000008H .CRT$XPA                DATA
 0002:000005f8 00000008H .CRT$XPZ                DATA
 0002:00000600 00000008H .CRT$XTA                DATA
 0002:00000608 00000008H .CRT$XTZ                DATA
 0002:00000610 00000000H .gfids$y                DATA
 0002:00000610 000002d0H .rdata                  DATA
 0002:000008e0 00000218H .rdata$zzzdbg           DATA
 0002:00000af8 00000008H .rtc$IAA                DATA
 0002:00000b00 00000008H .rtc$IZZ                DATA
 0002:00000b08 00000008H .rtc$TAA                DATA
 0002:00000b10 00000008H .rtc$TZZ                DATA
 0002:00000b18 00000a18H .xdata                  DATA
 0002:00001530 00000080H .edata                  DATA
 0002:000015b0 000000f0H .idata$2                DATA
 0002:000016a0 00000018H .idata$3                DATA
 0002:000016b8 000005c0H .idata$4                DATA
 0002:00001c78 000011deH .idata$6                DATA
 0003:00000000 00004370H .data                   DATA
 0003:00004370 00000668H .bss                    DATA
 0004:00000000 00000c0cH .pdata                  DATA

  Address         Publics by Value              Rva+Base               Lib:Object

 0000:00000000       __guard_fids_table         0000000000000000     <absolute>
 0000:00000000       __hybrid_code_map          0000000000000000     <absolute>
 0000:00000000       __enclave_config           0000000000000000     <absolute>
 0000:00000000       ___safe_se_handler_table   0000000000000000     <absolute>
 0000:00000000       __guard_longjmp_table      0000000000000000     <absolute>
 0000:00000000       __dynamic_value_reloc_table 0000000000000000     <absolute>
 0000:00000000       __guard_longjmp_count      0000000000000000     <absolute>
 0000:00000000       ___safe_se_handler_count   0000000000000000     <absolute>
 0000:00000000       __guard_fids_count         0000000000000000     <absolute>
 0000:00000000       __hybrid_auxiliary_iat     0000000000000000     <absolute>
 0000:00000000       __guard_iat_table          0000000000000000     <absolute>
 0000:00000000       __guard_iat_count          0000000000000000     <absolute>
 0000:00000000       __hybrid_code_map_count    0000000000000000     <absolute>
 0000:00000100       __guard_flags              0000000000000100     <absolute>
 0000:00000000       __ImageBase                0000000180000000     <linker-defined>
 0001:00000000       keypad_template_initializer 0000000180001000 f   keypad_template_sfun.obj
 0001:00000010       keypad_template_terminator 0000000180001010 f   keypad_template_sfun.obj
 0001:00000020       load_keypad_template_optimization_info 0000000180001020 f   keypad_template_sfun.obj
 0001:000000d0       unload_keypad_template_optimization_info 00000001800010d0 f   keypad_template_sfun.obj
 0001:00000100       sf_keypad_template_method_dispatcher 0000000180001100 f   keypad_template_sfun.obj
 0001:00000150       sf_keypad_template_process_testpoint_info_call 0000000180001150 f   keypad_template_sfun.obj
 0001:00000340       sf_keypad_template_process_check_sum_call 0000000180001340 f   keypad_template_sfun.obj
 0001:00000830       sf_keypad_template_autoinheritance_info 0000000180001830 f   keypad_template_sfun.obj
 0001:00000a10       sf_keypad_template_get_eml_resolved_functions_info 0000000180001a10 f   keypad_template_sfun.obj
 0001:00000bf0       sf_keypad_template_third_party_uses_info 0000000180001bf0 f   keypad_template_sfun.obj
 0001:00000dc0       sf_keypad_template_jit_fallback_info 0000000180001dc0 f   keypad_template_sfun.obj
 0001:00000f90       sf_keypad_template_updateBuildInfo_args_info 0000000180001f90 f   keypad_template_sfun.obj
 0001:00001160       keypad_template_debug_initialize 0000000180002160 f   keypad_template_sfun.obj
 0001:000011e0       keypad_template_register_exported_symbols 00000001800021e0 f   keypad_template_sfun.obj
 0001:000011f0       sf_c3_keypad_template_get_eml_resolved_functions_info 00000001800021f0 f   c3_keypad_template.obj
 0001:00001280       sf_c3_keypad_template_get_check_sum 0000000180002280 f   c3_keypad_template.obj
 0001:00001350       c3_keypad_template_method_dispatcher 0000000180002350 f   c3_keypad_template.obj
 0001:00013450       sf_c3_keypad_template_get_post_codegen_info 0000000180014450 f   c3_keypad_template.obj
 0001:00013520       sf_c3_keypad_template_get_autoinheritance_info 0000000180014520 f   c3_keypad_template.obj
 0001:00014400       sf_c3_keypad_template_third_party_uses_info 0000000180015400 f   c3_keypad_template.obj
 0001:00014430       sf_c3_keypad_template_jit_fallback_info 0000000180015430 f   c3_keypad_template.obj
 0001:000145c0       sf_c3_keypad_template_updateBuildInfo_args_info 00000001800155c0 f   c3_keypad_template.obj
 0001:00014b40       sf_c3_keypad_template_get_testpoint_info 0000000180015b40 f   c3_keypad_template.obj
 0001:00015590       mexFunction                0000000180016590 f   keypad_template_sfun_registry.obj
 0001:00017b50       _ssSetInputPortDirectFeedThroughFcn 0000000180018b50 f   keypad_template_sfun_registry.obj
 0001:00017cc0       _ssSetRWorkValueFcn        0000000180018cc0 f   keypad_template_sfun_registry.obj
 0001:00017d40       _ssGetRWorkValueFcn        0000000180018d40 f   keypad_template_sfun_registry.obj
 0001:00017db0       _ssSetIWorkValueFcn        0000000180018db0 f   keypad_template_sfun_registry.obj
 0001:00017e30       _ssGetIWorkValueFcn        0000000180018e30 f   keypad_template_sfun_registry.obj
 0001:00017ea0       _ssSetPWorkValueFcn        0000000180018ea0 f   keypad_template_sfun_registry.obj
 0001:00017f20       _ssGetPWorkValueFcn        0000000180018f20 f   keypad_template_sfun_registry.obj
 0001:00017f90       _ssGetInputPortSignalFcn   0000000180018f90 f   keypad_template_sfun_registry.obj
 0001:00018320       _ssGetInputPortBufferDstPortFcn 0000000180019320 f   keypad_template_sfun_registry.obj
 0001:000183a0       _ssGetInputPortSignalPtrsFcn 00000001800193a0 f   keypad_template_sfun_registry.obj
 0001:00018730       ssGetParameterTuningCompliance 0000000180019730 f   keypad_template_sfun_registry.obj
 0001:000187a0       ssGetDTypeIdFromMxArray    00000001800197a0 f   keypad_template_sfun_registry.obj
 0001:000188c0       ssWriteRTWMx2dMatParam     00000001800198c0 f   keypad_template_sfun_registry.obj
 0001:00018950       ssWriteRTWMxVectParam      0000000180019950 f   keypad_template_sfun_registry.obj
 0001:000189d0       ssWriteRTWParameters       00000001800199d0 f   keypad_template_sfun_registry.obj
 0001:00018f90       ssWriteRTWParamSettings    0000000180019f90 f   keypad_template_sfun_registry.obj
 0001:00019680       ssWriteRTWStr              000000018001a680 f   keypad_template_sfun_registry.obj
 0001:000196e0       ssWriteRTWWorkVect         000000018001a6e0 f   keypad_template_sfun_registry.obj
 0001:00019c40       ssWarning                  000000018001ac40 f   keypad_template_sfun_registry.obj
 0001:00019d30       ssWriteRTWNameValuePair    000000018001ad30 f   keypad_template_sfun_registry.obj
 0001:0001a230       _ssSetInputPortMatrixDimensions 000000018001b230 f   keypad_template_sfun_registry.obj
 0001:0001a350       _ssSetOutputPortMatrixDimensions 000000018001b350 f   keypad_template_sfun_registry.obj
 0001:0001a470       _ssSetInputPortVectorDimension 000000018001b470 f   keypad_template_sfun_registry.obj
 0001:0001a520       _ssSetOutputPortVectorDimension 000000018001b520 f   keypad_template_sfun_registry.obj
 0001:0001a5d0       ssIsRunTimeParamTunable    000000018001b5d0 f   keypad_template_sfun_registry.obj
 0001:0001a640       ssGetSFuncBlockHandle      000000018001b640 f   keypad_template_sfun_registry.obj
 0001:0001a6b0       _ssGetCurrentInputPortWidth 000000018001b6b0 f   keypad_template_sfun_registry.obj
 0001:0001a7d0       _ssGetCurrentOutputPortWidth 000000018001b7d0 f   keypad_template_sfun_registry.obj
 0001:0001a8f0       _ssGetCallSystemNumFcnCallDestinations 000000018001b8f0 f   keypad_template_sfun_registry.obj
 0001:0001a960       ssGetIsZeroCrossControlDisabled 000000018001b960 f   keypad_template_sfun_registry.obj
 0001:0001a9d0       ssSetIsInputPortUsedForContZcSignal 000000018001b9d0 f   keypad_template_sfun_registry.obj
 0001:0001aa40       ssSetZcSignalIsZcElementDisc 000000018001ba40 f   keypad_template_sfun_registry.obj
 0001:0001aaf0       ssSetZcSignalName          000000018001baf0 f   keypad_template_sfun_registry.obj
 0001:0001ab60       ssSetZcSignalWidth         000000018001bb60 f   keypad_template_sfun_registry.obj
 0001:0001abd0       ssSetZcSignalZcEventType   000000018001bbd0 f   keypad_template_sfun_registry.obj
 0001:0001ac40       ssSetZcSignalType          000000018001bc40 f   keypad_template_sfun_registry.obj
 0001:0001acb0       ssSetZcSignalZcTol         000000018001bcb0 f   keypad_template_sfun_registry.obj
 0001:0001ad20       ssSetZcSignalNeedsEventNotification 000000018001bd20 f   keypad_template_sfun_registry.obj
 0001:0001ad90       ssCreateAndAddZcSignalInfo 000000018001bd90 f   keypad_template_sfun_registry.obj
 0001:0001ae00       ssCloneAndAddZcSignalInfo  000000018001be00 f   keypad_template_sfun_registry.obj
 0001:0001ae70       ssGetNumZcSignals          000000018001be70 f   keypad_template_sfun_registry.obj
 0001:0001aee0       ssGetZcSignalVector        000000018001bee0 f   keypad_template_sfun_registry.obj
 0001:0001af50       ssGetZcSignalName          000000018001bf50 f   keypad_template_sfun_registry.obj
 0001:0001afc0       ssGetZcSignalWidth         000000018001bfc0 f   keypad_template_sfun_registry.obj
 0001:0001b030       ssGetZcSignalZcEventType   000000018001c030 f   keypad_template_sfun_registry.obj
 0001:0001b0a0       ssGetZcSignalZcEvents      000000018001c0a0 f   keypad_template_sfun_registry.obj
 0001:0001b110       ssGetZcSignalType          000000018001c110 f   keypad_template_sfun_registry.obj
 0001:0001b180       ssGetZcSignalZcTol         000000018001c180 f   keypad_template_sfun_registry.obj
 0001:0001b200       ssGetZcSignalNeedsEventNotification 000000018001c200 f   keypad_template_sfun_registry.obj
 0001:0001b270       ssGetZcSignalIsZcElementDisc 000000018001c270 f   keypad_template_sfun_registry.obj
 0001:0001b310       ssGetIsInputPortElementContinuous 000000018001c310 f   keypad_template_sfun_registry.obj
 0001:0001b3b0       _ssGetAbsTol               000000018001c3b0 f   keypad_template_sfun_registry.obj
 0001:0001b420       _ssSetStateAbsTol          000000018001c420 f   keypad_template_sfun_registry.obj
 0001:0001b500       _ssSetInputPortReusableFcn 000000018001c500 f   keypad_template_sfun_registry.obj
 0001:0001b600       _ssSetOutputPortReusableFcn 000000018001c600 f   keypad_template_sfun_registry.obj
 0001:0001b700       _ssSetSymbolicDimsSupport  000000018001c700 f   keypad_template_sfun_registry.obj
 0001:0001b770       _ssRegisterSymbolicDimsExpr 000000018001c770 f   keypad_template_sfun_registry.obj
 0001:0001b7f0       _ssRegisterSymbolicDims    000000018001c7f0 f   keypad_template_sfun_registry.obj
 0001:0001b890       _ssRegisterSymbolicDimsString 000000018001c890 f   keypad_template_sfun_registry.obj
 0001:0001b910       _ssRegisterSymbolicDimsIntValue 000000018001c910 f   keypad_template_sfun_registry.obj
 0001:0001b980       _ssRegisterSymbolicDimsPlus 000000018001c980 f   keypad_template_sfun_registry.obj
 0001:0001ba00       _ssRegisterSymbolicDimsMinus 000000018001ca00 f   keypad_template_sfun_registry.obj
 0001:0001ba80       _ssRegisterSymbolicDimsMultiply 000000018001ca80 f   keypad_template_sfun_registry.obj
 0001:0001bb00       _ssRegisterSymbolicDimsDivide 000000018001cb00 f   keypad_template_sfun_registry.obj
 0001:0001bb80       _ssGetNumSymbolicDims      000000018001cb80 f   keypad_template_sfun_registry.obj
 0001:0001bbf0       _ssGetSymbolicDim          000000018001cbf0 f   keypad_template_sfun_registry.obj
 0001:0001bc70       _ssSetInputPortSymbolicDimsId 000000018001cc70 f   keypad_template_sfun_registry.obj
 0001:0001bce0       _ssGetCompInputPortSymbolicDimsId 000000018001cce0 f   keypad_template_sfun_registry.obj
 0001:0001bd50       _ssSetCompInputPortSymbolicDimsId 000000018001cd50 f   keypad_template_sfun_registry.obj
 0001:0001bdc0       _ssSetOutputPortSymbolicDimsId 000000018001cdc0 f   keypad_template_sfun_registry.obj
 0001:0001be30       _ssGetCompOutputPortSymbolicDimsId 000000018001ce30 f   keypad_template_sfun_registry.obj
 0001:0001bea0       _ssSetCompOutputPortSymbolicDimsId 000000018001cea0 f   keypad_template_sfun_registry.obj
 0001:0001bf10       _ssSetCompDWorkSymbolicDimsId 000000018001cf10 f   keypad_template_sfun_registry.obj
 0001:0001bf80       sf_process_check_sum_call  000000018001cf80 f   keypad_template_sfun_registry.obj
 0001:0001bfd0       sf_process_testpoint_info_call 000000018001cfd0 f   keypad_template_sfun_registry.obj
 0001:0001c020       sf_process_autoinheritance_call 000000018001d020 f   keypad_template_sfun_registry.obj
 0001:0001c250       sf_process_get_third_party_uses_info_call 000000018001d250 f   keypad_template_sfun_registry.obj
 0001:0001c480       sf_process_get_jit_fallback_info_call 000000018001d480 f   keypad_template_sfun_registry.obj
 0001:0001c6b0       sf_process_get_updateBuildInfo_args_info_call 000000018001d6b0 f   keypad_template_sfun_registry.obj
 0001:0001c8e0       sf_process_get_eml_resolved_functions_info_call 000000018001d8e0 f   keypad_template_sfun_registry.obj
 0001:0001cb10       sf_mex_unlock_call         000000018001db10 f   keypad_template_sfun_registry.obj
 0001:0001cdd0       sf_machine_global_initializer_called 000000018001ddd0 f   keypad_template_sfun_registry.obj
 0001:0001ce00       sf_machine_global_method_dispatcher 000000018001de00 f   keypad_template_sfun_registry.obj
 0001:0001ce60       sf_machine_global_terminator 000000018001de60 f   keypad_template_sfun_registry.obj
 0001:0001cec0       sf_register_machine_exported_symbols 000000018001dec0 f   keypad_template_sfun_registry.obj
 0001:0001cee0       callCustomFcn              000000018001dee0 f   keypad_template_sfun_registry.obj
 0001:0001cef0       sf_machine_global_initializer 000000018001def0 f   keypad_template_sfun_registry.obj
 0001:0001cf70       mdlGetSimState             000000018001df70 f   keypad_template_sfun_registry.obj
 0001:0001cfb0       mdlSetSimState             000000018001dfb0 f   keypad_template_sfun_registry.obj
 0001:0001d820       ProcessMexSfunctionEveryCall 000000018001e820 f   keypad_template_sfun_registry.obj
 0001:0001e930       __local_stdio_printf_options 000000018001f930 f i keypad_template_sfun_registry.obj
 0001:0001e940       _vsnprintf_l               000000018001f940 f i keypad_template_sfun_registry.obj
 0001:0001e9c0       _vsprintf_l                000000018001f9c0 f i keypad_template_sfun_registry.obj
 0001:0001ea10       sprintf                    000000018001fa10 f i keypad_template_sfun_registry.obj
 0001:0001ea60       mexfilerequiredapiversion  000000018001fa60 f   c_mexapi_version.obj
 0001:0001ea81       sf_load_rtw_optimization_info 000000018001fa81 f   sf_runtime:sf_runtime.dll
 0001:0001ea87       sf_debug_initialize_machine 000000018001fa87 f   sf_runtime:sf_runtime.dll
 0001:0001ea8d       sf_debug_set_machine_event_thresholds 000000018001fa8d f   sf_runtime:sf_runtime.dll
 0001:0001ea93       sf_debug_set_machine_data_thresholds 000000018001fa93 f   sf_runtime:sf_runtime.dll
 0001:0001ea99       sf_init_ChartRunTimeInfo   000000018001fa99 f   sf_runtime:sf_runtime.dll
 0001:0001ea9f       sf_free_ChartRunTimeInfo   000000018001fa9f f   sf_runtime:sf_runtime.dll
 0001:0001eaa5       sfrtGetEmlrtCtx            000000018001faa5 f   sf_runtime:sf_runtime.dll
 0001:0001eaab       sf_get_chart_instance_ptr  000000018001faab f   sf_runtime:sf_runtime.dll
 0001:0001eab1       sf_rtw_info_uint_prop      000000018001fab1 f   sf_runtime:sf_runtime.dll
 0001:0001eab7       sf_update_buildInfo        000000018001fab7 f   sf_runtime:sf_runtime.dll
 0001:0001eabd       sf_is_chart_inlinable      000000018001fabd f   sf_runtime:sf_runtime.dll
 0001:0001eac3       sf_mark_chart_reusable_outputs 000000018001fac3 f   sf_runtime:sf_runtime.dll
 0001:0001eac9       sf_mark_chart_expressionable_inputs 000000018001fac9 f   sf_runtime:sf_runtime.dll
 0001:0001eacf       sim_mode_is_rtw_gen        000000018001facf f   sf_runtime:sf_runtime.dll
 0001:0001ead5       sim_mode_is_external       000000018001fad5 f   sf_runtime:sf_runtime.dll
 0001:0001eadb       sim_mode_is_modelref_sim   000000018001fadb f   sf_runtime:sf_runtime.dll
 0001:0001eae1       sf_clear_rtw_identifier    000000018001fae1 f   sf_runtime:sf_runtime.dll
 0001:0001eae7       sf_set_rtw_dwork_info      000000018001fae7 f   sf_runtime:sf_runtime.dll
 0001:0001eaed       sf_get_dwork_info_from_mat_file 000000018001faed f   sf_runtime:sf_runtime.dll
 0001:0001eaf3       sf_set_encoded_dwork_info  000000018001faf3 f   sf_runtime:sf_runtime.dll
 0001:0001eaf9       sf_get_time                000000018001faf9 f   sf_runtime:sf_runtime.dll
 0001:0001eaff       sf_is_first_init_cond      000000018001faff f   sf_runtime:sf_runtime.dll
 0001:0001eb05       setLegacyDebuggerFlagForRuntime 000000018001fb05 f   sf_runtime:sf_runtime.dll
 0001:0001eb0b       sf_set_chart_accesses_machine_info 000000018001fb0b f   sf_runtime:sf_runtime.dll
 0001:0001eb11       sf_register_codegen_names_for_scoped_functions_defined_by_chart 000000018001fb11 f   sf_runtime:sf_runtime.dll
 0001:0001eb17       ssSetBlockIsPurelyCombinatorial_wrapper 000000018001fb17 f   sf_runtime:sf_runtime.dll
 0001:0001eb1d       sf_mex_printf              000000018001fb1d f   sf_runtime:sf_runtime.dll
 0001:0001eb23       sf_mex_call_debug          000000018001fb23 f   sf_runtime:sf_runtime.dll
 0001:0001eb29       sf_mex_error_message       000000018001fb29 f   sf_runtime:sf_runtime.dll
 0001:0001eb2f       sf_mex_check_builtin       000000018001fb2f f   sf_runtime:sf_runtime.dll
 0001:0001eb35       sf_mex_check_enum          000000018001fb35 f   sf_runtime:sf_runtime.dll
 0001:0001eb3b       sf_mex_create_enum         000000018001fb3b f   sf_runtime:sf_runtime.dll
 0001:0001eb41       sf_mex_get_enum_element    000000018001fb41 f   sf_runtime:sf_runtime.dll
 0001:0001eb47       sf_mex_create              000000018001fb47 f   sf_runtime:sf_runtime.dll
 0001:0001eb4d       sf_mex_createcellmatrix    000000018001fb4d f   sf_runtime:sf_runtime.dll
 0001:0001eb53       sf_mex_setcell             000000018001fb53 f   sf_runtime:sf_runtime.dll
 0001:0001eb59       sf_mex_getcell             000000018001fb59 f   sf_runtime:sf_runtime.dll
 0001:0001eb5f       sf_mex_assign              000000018001fb5f f   sf_runtime:sf_runtime.dll
 0001:0001eb65       sf_mex_dup                 000000018001fb65 f   sf_runtime:sf_runtime.dll
 0001:0001eb6b       sf_mex_destroy             000000018001fb6b f   sf_runtime:sf_runtime.dll
 0001:0001eb71       sf_mex_import              000000018001fb71 f   sf_runtime:sf_runtime.dll
 0001:0001eb77       sf_mex_sub                 000000018001fb77 f   sf_runtime:sf_runtime.dll
 0001:0001eb7d       sf_mex_decode_encoded_mx_struct_array 000000018001fb7d f   sf_runtime:sf_runtime.dll
 0001:0001eb83       sf_mex_duplicatearraysafe  000000018001fb83 f   sf_runtime:sf_runtime.dll
 0001:0001eb89       ssGetDWork_wrapper         000000018001fb89 f   sf_runtime:sf_runtime.dll
 0001:0001eb8f       ssGetInputPortSignal_wrapper 000000018001fb8f f   sf_runtime:sf_runtime.dll
 0001:0001eb95       ssGetOutputPortSignal_wrapper 000000018001fb95 f   sf_runtime:sf_runtime.dll
 0001:0001eb9b       sf_read_before_write_error 000000018001fb9b f   sf_runtime:sf_runtime.dll
 0001:0001eba1       sf_array_bounds_check      000000018001fba1 f   sf_runtime:sf_runtime.dll
 0001:0001eba7       sf_eml_array_bounds_check  000000018001fba7 f   sf_runtime:sf_runtime.dll
 0001:0001ebad       sf_integer_check           000000018001fbad f   sf_runtime:sf_runtime.dll
 0001:0001ebb3       sdi_database_initialize    000000018001fbb3 f   sf_runtime:sf_runtime.dll
 0001:0001ebb9       sdi_database_terminate     000000018001fbb9 f   sf_runtime:sf_runtime.dll
 0001:0001ebbf       sdi_register_self_activity_signal 000000018001fbbf f   sf_runtime:sf_runtime.dll
 0001:0001ebc5       sdi_register_child_activity_signal 000000018001fbc5 f   sf_runtime:sf_runtime.dll
 0001:0001ebcb       sdi_register_leaf_activity_signal 000000018001fbcb f   sf_runtime:sf_runtime.dll
 0001:0001ebd1       sdi_register_enum_data_type_signal 000000018001fbd1 f   sf_runtime:sf_runtime.dll
 0001:0001ebd7       sdi_register_builtin_data_type_signal 000000018001fbd7 f   sf_runtime:sf_runtime.dll
 0001:0001ebdd       sdi_stream_child_activity_signal 000000018001fbdd f   sf_runtime:sf_runtime.dll
 0001:0001ebe3       sdi_stream_data_signal     000000018001fbe3 f   sf_runtime:sf_runtime.dll
 0001:0001ebe9       sdi_update_self_activity_signal 000000018001fbe9 f   sf_runtime:sf_runtime.dll
 0001:0001ebef       sdi_update_leaf_activity_signal 000000018001fbef f   sf_runtime:sf_runtime.dll
 0001:0001ebf5       sf_debug_initialize_chart  000000018001fbf5 f   sf_runtime:sf_runtime.dll
 0001:0001ebfb       sf_debug_call              000000018001fbfb f   sf_runtime:sf_runtime.dll
 0001:0001ec01       cv_eval_point              000000018001fc01 f   sf_runtime:sf_runtime.dll
 0001:0001ec07       cv_eml_eval                000000018001fc07 f   sf_runtime:sf_runtime.dll
 0001:0001ec0d       cv_eval_relational         000000018001fc0d f   sf_runtime:sf_runtime.dll
 0001:0001ec13       cv_eml_init_script         000000018001fc13 f   sf_runtime:sf_runtime.dll
 0001:0001ec19       cv_eml_init_if             000000018001fc19 f   sf_runtime:sf_runtime.dll
 0001:0001ec1f       cv_eml_init_relational     000000018001fc1f f   sf_runtime:sf_runtime.dll
 0001:0001ec25       sf_debug_reset_current_state_configuration 000000018001fc25 f   sf_runtime:sf_runtime.dll
 0001:0001ec2b       sf_debug_set_honor_breakpoints 000000018001fc2b f   sf_runtime:sf_runtime.dll
 0001:0001ec31       sf_debug_get_animation     000000018001fc31 f   sf_runtime:sf_runtime.dll
 0001:0001ec37       sf_debug_set_animation     000000018001fc37 f   sf_runtime:sf_runtime.dll
 0001:0001ec3d       sf_debug_animate           000000018001fc3d f   sf_runtime:sf_runtime.dll
 0001:0001ec43       sf_debug_set_chart_data_props 000000018001fc43 f   sf_runtime:sf_runtime.dll
 0001:0001ec49       sf_debug_set_chart_data_compiled_props 000000018001fc49 f   sf_runtime:sf_runtime.dll
 0001:0001ec4f       sf_debug_symbol_scope_push 000000018001fc4f f   sf_runtime:sf_runtime.dll
 0001:0001ec55       sf_debug_symbol_scope_push_eml 000000018001fc55 f   sf_runtime:sf_runtime.dll
 0001:0001ec5b       sf_debug_symbol_scope_pop  000000018001fc5b f   sf_runtime:sf_runtime.dll
 0001:0001ec61       sf_debug_symbol_scope_add_eml_importable 000000018001fc61 f   sf_runtime:sf_runtime.dll
 0001:0001ec67       sf_debug_set_instance_data_value_ptr 000000018001fc67 f   sf_runtime:sf_runtime.dll
 0001:0001ec6d       sf_debug_set_chart_disable_implicit_casting 000000018001fc6d f   sf_runtime:sf_runtime.dll
 0001:0001ec73       sf_debug_set_chart_event_thresholds 000000018001fc73 f   sf_runtime:sf_runtime.dll
 0001:0001ec79       sf_debug_set_chart_state_info 000000018001fc79 f   sf_runtime:sf_runtime.dll
 0001:0001ec7f       sf_debug_set_chart_decomposition 000000018001fc7f f   sf_runtime:sf_runtime.dll
 0001:0001ec85       sf_debug_set_chart_substate_count 000000018001fc85 f   sf_runtime:sf_runtime.dll
 0001:0001ec8b       sf_debug_set_chart_substate_index 000000018001fc8b f   sf_runtime:sf_runtime.dll
 0001:0001ec91       sf_debug_set_chart_state_substate_count 000000018001fc91 f   sf_runtime:sf_runtime.dll
 0001:0001ec97       sf_debug_data_range_wrapper 000000018001fc97 f   sf_runtime:sf_runtime.dll
 0001:0001ec9d       sf_debug_cv_init_trans     000000018001fc9d f   sf_runtime:sf_runtime.dll
 0001:0001eca3       sf_debug_cv_init_chart     000000018001fca3 f   sf_runtime:sf_runtime.dll
 0001:0001eca9       sf_debug_cv_init_state     000000018001fca9 f   sf_runtime:sf_runtime.dll
 0001:0001ecaf       sf_get_ChartInfoStruct_CodeGen 000000018001fcaf f   sf_runtime:sf_runtime.dll
 0001:0001ecb5       sf_get_hasSeparateUpdateOutputs 000000018001fcb5 f   sf_runtime:sf_runtime.dll
 0001:0001ecbb       callMdlMethodAndReportError 000000018001fcbb f   sf_runtime:sf_runtime.dll
 0001:0001ecc1       call_sf_machine_global_method_dispatcher 000000018001fcc1 f   sf_runtime:sf_runtime.dll
 0001:0001ecc7       getRuntimeInstanceInfoAsVoid 000000018001fcc7 f   sf_runtime:sf_runtime.dll
 0001:0001eccd       sf_mex_error_direct_call   000000018001fccd f   sf_runtime:sf_runtime.dll
 0001:0001ecd3       sf_clear_error_manager_info 000000018001fcd3 f   sf_runtime:sf_runtime.dll
 0001:0001ecd9       sf_debug_create_debug_instance_struct 000000018001fcd9 f   sf_runtime:sf_runtime.dll
 0001:0001ecdf       sf_debug_terminate         000000018001fcdf f   sf_runtime:sf_runtime.dll
 0001:0001ece5       sf_debug_api               000000018001fce5 f   sf_runtime:sf_runtime.dll
 0001:0001eceb       mxIsChar                   000000018001fceb f   libmx:libmx.dll
 0001:0001ecf1       mxGetScalar                000000018001fcf1 f   libmx:libmx.dll
 0001:0001ecf7       mxGetPr                    000000018001fcf7 f   libmx:libmx.dll
 0001:0001ecfd       mxDestroyArray             000000018001fcfd f   libmx:libmx.dll
 0001:0001ed03       mxCreateDoubleMatrix_730   000000018001fd03 f   libmx:libmx.dll
 0001:0001ed09       mxGetString_730            000000018001fd09 f   libmx:libmx.dll
 0001:0001ed0f       mxDuplicateArray           000000018001fd0f f   libmx:libmx.dll
 0001:0001ed15       mxSetField_730             000000018001fd15 f   libmx:libmx.dll
 0001:0001ed1b       mxCreateDoubleScalar       000000018001fd1b f   libmx:libmx.dll
 0001:0001ed21       mxCreateString             000000018001fd21 f   libmx:libmx.dll
 0001:0001ed27       mxCreateCellMatrix_730     000000018001fd27 f   libmx:libmx.dll
 0001:0001ed2d       mxCreateCellArray_730      000000018001fd2d f   libmx:libmx.dll
 0001:0001ed33       mxCreateStructMatrix_730   000000018001fd33 f   libmx:libmx.dll
 0001:0001ed39       mxCreateStructArray_730    000000018001fd39 f   libmx:libmx.dll
 0001:0001ed3f       mxCalloc                   000000018001fd3f f   libmx:libmx.dll
 0001:0001ed45       mxGetM                     000000018001fd45 f   libmx:libmx.dll
 0001:0001ed4b       mxGetClassID               000000018001fd4b f   libmx:libmx.dll
 0001:0001ed51       mxIsNumeric                000000018001fd51 f   libmx:libmx.dll
 0001:0001ed57       mxIsComplex                000000018001fd57 f   libmx:libmx.dll
 0001:0001ed5d       mxGetN                     000000018001fd5d f   libmx:libmx.dll
 0001:0001ed63       mexMakeArrayPersistent     000000018001fd63 f   libmex:libmex.dll
 0001:0001ed69       mexErrMsgTxt               000000018001fd69 f   libmex:libmex.dll
 0001:0001ed6f       mexWarnMsgTxt              000000018001fd6f f   libmex:libmex.dll
 0001:0001ed75       mexCallMATLABWithObject    000000018001fd75 f   libmex:libmex.dll
 0001:0001ed7b       mexLock                    000000018001fd7b f   libmex:libmex.dll
 0001:0001ed81       mexUnlock                  000000018001fd81 f   libmex:libmex.dll
 0001:0001ed87       mexIsLocked                000000018001fd87 f   libmex:libmex.dll
 0001:0001ed8d       utMalloc                   000000018001fd8d f   libut:libut.dll
 0001:0001ed93       utFree                     000000018001fd93 f   libut:libut.dll
 0001:0001ed99       emlrtNameCaptureMxArrayR2016a 000000018001fd99 f   libemlrt:libemlrt.dll
 0001:0001ed9f       slcovUploadCoverageSynthesisById 000000018001fd9f f   libmwsl_sfcn_cov_bridge:libmwsl_sfcn_cov_bridge.dll
 0001:0001eda8       __raise_securityfailure    000000018001fda8 f   MSVCRT:gs_report.obj
 0001:0001eddc       __report_gsfailure         000000018001fddc f   MSVCRT:gs_report.obj
 0001:0001eeb0       __report_rangecheckfailure 000000018001feb0 f   MSVCRT:gs_report.obj
 0001:0001eec4       __report_securityfailure   000000018001fec4 f   MSVCRT:gs_report.obj
 0001:0001ef60       __report_securityfailureEx 000000018001ff60 f   MSVCRT:gs_report.obj
 0001:0001f154       __GSHandlerCheck           0000000180020154 f   MSVCRT:_gshandler_.obj
 0001:0001f174       __GSHandlerCheckCommon     0000000180020174 f   MSVCRT:_gshandler_.obj
 0001:0001f1e0       __security_check_cookie    00000001800201e0 f   MSVCRT:_amdsecgs_.obj
 0001:0001f220       __chkstk                   0000000180020220 f   MSVCRT:_chkstk_.obj
 0001:0001f220       _alloca_probe              0000000180020220 f   MSVCRT:_chkstk_.obj
 0001:0001f5b0       _CRT_INIT                  00000001800205b0 f   MSVCRT:dll_dllmain.obj
 0001:0001f5b8       _DllMainCRTStartup         00000001800205b8 f   MSVCRT:dll_dllmain.obj
 0001:0001f664       __security_init_cookie     0000000180020664 f   MSVCRT:gs_support.obj
 0001:0001f714       DllMain                    0000000180020714 f   MSVCRT:dll_dllmain_stub.obj
 0001:0001f738       ?__scrt_initialize_type_info@@YAXXZ 0000000180020738 f   MSVCRT:tncleanup.obj
 0001:0001f748       ?__scrt_uninitialize_type_info@@YAXXZ 0000000180020748 f   MSVCRT:tncleanup.obj
 0001:0001f754       __local_stdio_scanf_options 0000000180020754 f i MSVCRT:default_local_stdio_options.obj
 0001:0001f75c       __scrt_initialize_default_local_stdio_options 000000018002075c f   MSVCRT:default_local_stdio_options.obj
 0001:0001f778       ??$__crt_fast_decode_pointer@PEAP6AXXZ@@YAPEAP6AXXZQEAP6AXXZ@Z 0000000180020778 f i MSVCRT:utility.obj
 0001:0001f790       ??$__crt_fast_encode_pointer@PEAP6AXXZ@@YAPEAP6AXXZQEAP6AXXZ@Z 0000000180020790 f i MSVCRT:utility.obj
 0001:0001f7b0       ?__crt_rotate_pointer_value@@YA_K_KH@Z 00000001800207b0 f i MSVCRT:utility.obj
 0001:0001f7bc       ?configure_argv@__scrt_narrow_argv_policy@@SAHXZ 00000001800207bc f i MSVCRT:utility.obj
 0001:0001f81c       ?initialize_environment@__scrt_narrow_environment_policy@@SAHXZ 000000018002081c f i MSVCRT:utility.obj
 0001:0001f854       NtCurrentTeb               0000000180020854 f i MSVCRT:utility.obj
 0001:0001f860       __scrt_acquire_startup_lock 0000000180020860 f   MSVCRT:utility.obj
 0001:0001f89c       __scrt_dllmain_after_initialize_c 000000018002089c f   MSVCRT:utility.obj
 0001:0001f8d0       __scrt_dllmain_before_initialize_c 00000001800208d0 f   MSVCRT:utility.obj
 0001:0001f8e8       __scrt_dllmain_crt_thread_attach 00000001800208e8 f   MSVCRT:utility.obj
 0001:0001f910       __scrt_dllmain_crt_thread_detach 0000000180020910 f   MSVCRT:utility.obj
 0001:0001f928       __scrt_dllmain_exception_filter 0000000180020928 f   MSVCRT:utility.obj
 0001:0001f988       __scrt_dllmain_uninitialize_c 0000000180020988 f   MSVCRT:utility.obj
 0001:0001f9b8       __scrt_dllmain_uninitialize_critical 00000001800209b8 f   MSVCRT:utility.obj
 0001:0001f9cc       __scrt_initialize_crt      00000001800209cc f   MSVCRT:utility.obj
 0001:0001fa18       __scrt_initialize_onexit_tables 0000000180020a18 f   MSVCRT:utility.obj
 0001:0001faf4       __scrt_is_nonwritable_in_current_image 0000000180020af4 f   MSVCRT:utility.obj
 0001:0001fb90       __scrt_release_startup_lock 0000000180020b90 f   MSVCRT:utility.obj
 0001:0001fbb4       __scrt_uninitialize_crt    0000000180020bb4 f   MSVCRT:utility.obj
 0001:0001fbe0       _onexit                    0000000180020be0 f   MSVCRT:utility.obj
 0001:0001fc30       at_quick_exit              0000000180020c30 f   MSVCRT:utility.obj
 0001:0001fc68       atexit                     0000000180020c68 f   MSVCRT:utility.obj
 0001:0001fc80       __scrt_get_dyn_tls_init_callback 0000000180020c80 f   MSVCRT:dyn_tls_init.obj
 0001:0001fc88       __crt_debugger_hook        0000000180020c88 f   MSVCRT:utility_desktop.obj
 0001:0001fc90       __scrt_fastfail            0000000180020c90 f   MSVCRT:utility_desktop.obj
 0001:0001fddc       __scrt_get_show_window_mode 0000000180020ddc f   MSVCRT:utility_desktop.obj
 0001:0001fe18       __scrt_initialize_winrt    0000000180020e18 f   MSVCRT:utility_desktop.obj
 0001:0001fe1c       __scrt_is_managed_app      0000000180020e1c f   MSVCRT:utility_desktop.obj
 0001:0001fe70       __scrt_set_unhandled_exception_filter 0000000180020e70 f   MSVCRT:utility_desktop.obj
 0001:0001fe80       __scrt_unhandled_exception_filter 0000000180020e80 f   MSVCRT:utility_desktop.obj
 0001:0001feb8       _RTC_Initialize            0000000180020eb8 f   MSVCRT:_initsect_.obj
 0001:0001fef4       _RTC_Terminate             0000000180020ef4 f   MSVCRT:_initsect_.obj
 0001:0001ff30       _guard_check_icall_nop     0000000180020f30 f i MSVCRT:guard_support.obj
 0001:0001ff34       ReadNoFence64              0000000180020f34 f i MSVCRT:guard_support.obj
 0001:0001ff38       ReadPointerNoFence         0000000180020f38 f i MSVCRT:guard_support.obj
 0001:0001ff3c       _guard_icall_checks_enforced 0000000180020f3c f i MSVCRT:guard_support.obj
 0001:0001ff54       _guard_rf_checks_enforced  0000000180020f54 f i MSVCRT:guard_support.obj
 0001:0001ff58       __isa_available_init       0000000180020f58 f   MSVCRT:_cpu_disp_.obj
 0001:00020114       _get_startup_argv_mode     0000000180021114 f   MSVCRT:argv_mode.obj
 0001:0002011c       __scrt_is_ucrt_dll_in_use  000000018002111c f   MSVCRT:ucrt_detection.obj
 0001:00020130       RtlCaptureContext          0000000180021130 f   kernel32:KERNEL32.dll
 0001:00020136       RtlLookupFunctionEntry     0000000180021136 f   kernel32:KERNEL32.dll
 0001:0002013c       RtlVirtualUnwind           000000018002113c f   kernel32:KERNEL32.dll
 0001:00020142       UnhandledExceptionFilter   0000000180021142 f   kernel32:KERNEL32.dll
 0001:00020148       SetUnhandledExceptionFilter 0000000180021148 f   kernel32:KERNEL32.dll
 0001:0002014e       GetCurrentProcess          000000018002114e f   kernel32:KERNEL32.dll
 0001:00020154       TerminateProcess           0000000180021154 f   kernel32:KERNEL32.dll
 0001:0002015a       IsProcessorFeaturePresent  000000018002115a f   kernel32:KERNEL32.dll
 0001:00020160       QueryPerformanceCounter    0000000180021160 f   kernel32:KERNEL32.dll
 0001:00020166       GetCurrentProcessId        0000000180021166 f   kernel32:KERNEL32.dll
 0001:0002016c       GetCurrentThreadId         000000018002116c f   kernel32:KERNEL32.dll
 0001:00020172       GetSystemTimeAsFileTime    0000000180021172 f   kernel32:KERNEL32.dll
 0001:00020178       DisableThreadLibraryCalls  0000000180021178 f   kernel32:KERNEL32.dll
 0001:0002017e       InitializeSListHead        000000018002117e f   kernel32:KERNEL32.dll
 0001:00020184       IsDebuggerPresent          0000000180021184 f   kernel32:KERNEL32.dll
 0001:0002018a       GetStartupInfoW            000000018002118a f   kernel32:KERNEL32.dll
 0001:00020190       GetModuleHandleW           0000000180021190 f   kernel32:KERNEL32.dll
 0001:00020196       memset                     0000000180021196 f   vcruntime:VCRUNTIME140.dll
 0001:0002019c       memcpy                     000000018002119c f   vcruntime:VCRUNTIME140.dll
 0001:000201a2       __C_specific_handler       00000001800211a2 f   vcruntime:VCRUNTIME140.dll
 0001:000201a8       __std_type_info_destroy_list 00000001800211a8 f   vcruntime:VCRUNTIME140.dll
 0001:000201ae       strcmp                     00000001800211ae f   ucrt:api-ms-win-crt-string-l1-1-0.dll
 0001:000201b4       __stdio_common_vsprintf    00000001800211b4 f   ucrt:api-ms-win-crt-stdio-l1-1-0.dll
 0001:000201ba       free                       00000001800211ba f   ucrt:api-ms-win-crt-heap-l1-1-0.dll
 0001:000201c0       malloc                     00000001800211c0 f   ucrt:api-ms-win-crt-heap-l1-1-0.dll
 0001:000201c6       strlen                     00000001800211c6 f   ucrt:api-ms-win-crt-string-l1-1-0.dll
 0001:000201cc       _initterm                  00000001800211cc f   ucrt:api-ms-win-crt-runtime-l1-1-0.dll
 0001:000201d2       _initterm_e                00000001800211d2 f   ucrt:api-ms-win-crt-runtime-l1-1-0.dll
 0001:000201d8       _seh_filter_dll            00000001800211d8 f   ucrt:api-ms-win-crt-runtime-l1-1-0.dll
 0001:000201de       _configure_narrow_argv     00000001800211de f   ucrt:api-ms-win-crt-runtime-l1-1-0.dll
 0001:000201e4       _initialize_narrow_environment 00000001800211e4 f   ucrt:api-ms-win-crt-runtime-l1-1-0.dll
 0001:000201ea       _initialize_onexit_table   00000001800211ea f   ucrt:api-ms-win-crt-runtime-l1-1-0.dll
 0001:000201f0       _register_onexit_function  00000001800211f0 f   ucrt:api-ms-win-crt-runtime-l1-1-0.dll
 0001:000201f6       _execute_onexit_table      00000001800211f6 f   ucrt:api-ms-win-crt-runtime-l1-1-0.dll
 0001:000201fc       _crt_atexit                00000001800211fc f   ucrt:api-ms-win-crt-runtime-l1-1-0.dll
 0001:00020202       _crt_at_quick_exit         0000000180021202 f   ucrt:api-ms-win-crt-runtime-l1-1-0.dll
 0001:00020208       _cexit                     0000000180021208 f   ucrt:api-ms-win-crt-runtime-l1-1-0.dll
 0001:0002020e       terminate                  000000018002120e f   ucrt:api-ms-win-crt-runtime-l1-1-0.dll
 0001:00020214       __scrt_stub_for_acrt_initialize 0000000180021214 f   MSVCRT:ucrt_stubs.obj
 0001:00020214       __acrt_initialize          0000000180021214 f   MSVCRT:ucrt_stubs.obj
 0001:00020214       __vcrt_initialize          0000000180021214 f   MSVCRT:ucrt_stubs.obj
 0001:00020218       __scrt_stub_for_acrt_thread_attach 0000000180021218 f   MSVCRT:ucrt_stubs.obj
 0001:00020218       __vcrt_thread_attach       0000000180021218 f   MSVCRT:ucrt_stubs.obj
 0001:00020218       __acrt_thread_attach       0000000180021218 f   MSVCRT:ucrt_stubs.obj
 0001:0002021c       __acrt_thread_detach       000000018002121c f   MSVCRT:ucrt_stubs.obj
 0001:0002021c       __vcrt_thread_detach       000000018002121c f   MSVCRT:ucrt_stubs.obj
 0001:0002021c       __scrt_stub_for_acrt_thread_detach 000000018002121c f   MSVCRT:ucrt_stubs.obj
 0001:00020220       __scrt_stub_for_acrt_uninitialize 0000000180021220 f   MSVCRT:ucrt_stubs.obj
 0001:00020220       __vcrt_uninitialize        0000000180021220 f   MSVCRT:ucrt_stubs.obj
 0001:00020220       __acrt_uninitialize        0000000180021220 f   MSVCRT:ucrt_stubs.obj
 0001:00020224       __acrt_uninitialize_critical 0000000180021224 f   MSVCRT:ucrt_stubs.obj
 0001:00020224       __scrt_stub_for_acrt_uninitialize_critical 0000000180021224 f   MSVCRT:ucrt_stubs.obj
 0001:00020224       __vcrt_uninitialize_critical 0000000180021224 f   MSVCRT:ucrt_stubs.obj
 0001:00020228       __scrt_stub_for_is_c_termination_complete 0000000180021228 f   MSVCRT:ucrt_stubs.obj
 0001:00020228       _is_c_termination_complete 0000000180021228 f   MSVCRT:ucrt_stubs.obj
 0001:00020240       _guard_dispatch_icall_nop  0000000180021240 f   MSVCRT:_guard_dispatch_.obj
 0002:00000000       __imp_InitializeSListHead  0000000180022000     kernel32:KERNEL32.dll
 0002:00000008       __imp_RtlCaptureContext    0000000180022008     kernel32:KERNEL32.dll
 0002:00000010       __imp_RtlLookupFunctionEntry 0000000180022010     kernel32:KERNEL32.dll
 0002:00000018       __imp_RtlVirtualUnwind     0000000180022018     kernel32:KERNEL32.dll
 0002:00000020       __imp_UnhandledExceptionFilter 0000000180022020     kernel32:KERNEL32.dll
 0002:00000028       __imp_SetUnhandledExceptionFilter 0000000180022028     kernel32:KERNEL32.dll
 0002:00000030       __imp_GetCurrentProcess    0000000180022030     kernel32:KERNEL32.dll
 0002:00000038       __imp_TerminateProcess     0000000180022038     kernel32:KERNEL32.dll
 0002:00000040       __imp_IsProcessorFeaturePresent 0000000180022040     kernel32:KERNEL32.dll
 0002:00000048       __imp_QueryPerformanceCounter 0000000180022048     kernel32:KERNEL32.dll
 0002:00000050       __imp_GetCurrentProcessId  0000000180022050     kernel32:KERNEL32.dll
 0002:00000058       __imp_GetCurrentThreadId   0000000180022058     kernel32:KERNEL32.dll
 0002:00000060       __imp_GetSystemTimeAsFileTime 0000000180022060     kernel32:KERNEL32.dll
 0002:00000068       __imp_GetModuleHandleW     0000000180022068     kernel32:KERNEL32.dll
 0002:00000070       __imp_IsDebuggerPresent    0000000180022070     kernel32:KERNEL32.dll
 0002:00000078       __imp_DisableThreadLibraryCalls 0000000180022078     kernel32:KERNEL32.dll
 0002:00000080       __imp_GetStartupInfoW      0000000180022080     kernel32:KERNEL32.dll
 0002:00000088       \177KERNEL32_NULL_THUNK_DATA 0000000180022088     kernel32:KERNEL32.dll
 0002:00000090       __imp_memcpy               0000000180022090     vcruntime:VCRUNTIME140.dll
 0002:00000098       __imp_memset               0000000180022098     vcruntime:VCRUNTIME140.dll
 0002:000000a0       __imp___C_specific_handler 00000001800220a0     vcruntime:VCRUNTIME140.dll
 0002:000000a8       __imp___std_type_info_destroy_list 00000001800220a8     vcruntime:VCRUNTIME140.dll
 0002:000000b0       \177VCRUNTIME140_NULL_THUNK_DATA 00000001800220b0     vcruntime:VCRUNTIME140.dll
 0002:000000b8       __imp_free                 00000001800220b8     ucrt:api-ms-win-crt-heap-l1-1-0.dll
 0002:000000c0       __imp_malloc               00000001800220c0     ucrt:api-ms-win-crt-heap-l1-1-0.dll
 0002:000000c8       \177api-ms-win-crt-heap-l1-1-0_NULL_THUNK_DATA 00000001800220c8     ucrt:api-ms-win-crt-heap-l1-1-0.dll
 0002:000000d0       __imp__register_onexit_function 00000001800220d0     ucrt:api-ms-win-crt-runtime-l1-1-0.dll
 0002:000000d8       __imp__initterm            00000001800220d8     ucrt:api-ms-win-crt-runtime-l1-1-0.dll
 0002:000000e0       __imp__initterm_e          00000001800220e0     ucrt:api-ms-win-crt-runtime-l1-1-0.dll
 0002:000000e8       __imp__seh_filter_dll      00000001800220e8     ucrt:api-ms-win-crt-runtime-l1-1-0.dll
 0002:000000f0       __imp__configure_narrow_argv 00000001800220f0     ucrt:api-ms-win-crt-runtime-l1-1-0.dll
 0002:000000f8       __imp__initialize_narrow_environment 00000001800220f8     ucrt:api-ms-win-crt-runtime-l1-1-0.dll
 0002:00000100       __imp__initialize_onexit_table 0000000180022100     ucrt:api-ms-win-crt-runtime-l1-1-0.dll
 0002:00000108       __imp__cexit               0000000180022108     ucrt:api-ms-win-crt-runtime-l1-1-0.dll
 0002:00000110       __imp__execute_onexit_table 0000000180022110     ucrt:api-ms-win-crt-runtime-l1-1-0.dll
 0002:00000118       __imp__crt_atexit          0000000180022118     ucrt:api-ms-win-crt-runtime-l1-1-0.dll
 0002:00000120       __imp__crt_at_quick_exit   0000000180022120     ucrt:api-ms-win-crt-runtime-l1-1-0.dll
 0002:00000128       __imp_terminate            0000000180022128     ucrt:api-ms-win-crt-runtime-l1-1-0.dll
 0002:00000130       \177api-ms-win-crt-runtime-l1-1-0_NULL_THUNK_DATA 0000000180022130     ucrt:api-ms-win-crt-runtime-l1-1-0.dll
 0002:00000138       __imp___stdio_common_vsprintf 0000000180022138     ucrt:api-ms-win-crt-stdio-l1-1-0.dll
 0002:00000140       \177api-ms-win-crt-stdio-l1-1-0_NULL_THUNK_DATA 0000000180022140     ucrt:api-ms-win-crt-stdio-l1-1-0.dll
 0002:00000148       __imp_strlen               0000000180022148     ucrt:api-ms-win-crt-string-l1-1-0.dll
 0002:00000150       __imp_strcmp               0000000180022150     ucrt:api-ms-win-crt-string-l1-1-0.dll
 0002:00000158       \177api-ms-win-crt-string-l1-1-0_NULL_THUNK_DATA 0000000180022158     ucrt:api-ms-win-crt-string-l1-1-0.dll
 0002:00000160       __imp_emlrtNameCaptureMxArrayR2016a 0000000180022160     libemlrt:libemlrt.dll
 0002:00000168       \177libemlrt_NULL_THUNK_DATA 0000000180022168     libemlrt:libemlrt.dll
 0002:00000170       __imp_mexWarnMsgTxt        0000000180022170     libmex:libmex.dll
 0002:00000178       __imp_mexErrMsgTxt         0000000180022178     libmex:libmex.dll
 0002:00000180       __imp_mexMakeArrayPersistent 0000000180022180     libmex:libmex.dll
 0002:00000188       __imp_mexIsLocked          0000000180022188     libmex:libmex.dll
 0002:00000190       __imp_mexUnlock            0000000180022190     libmex:libmex.dll
 0002:00000198       __imp_mexLock              0000000180022198     libmex:libmex.dll
 0002:000001a0       __imp_mexCallMATLABWithObject 00000001800221a0     libmex:libmex.dll
 0002:000001a8       \177libmex_NULL_THUNK_DATA 00000001800221a8     libmex:libmex.dll
 0002:000001b0       __imp_slcovUploadCoverageSynthesisById 00000001800221b0     libmwsl_sfcn_cov_bridge:libmwsl_sfcn_cov_bridge.dll
 0002:000001b8       \177libmwsl_sfcn_cov_bridge_NULL_THUNK_DATA 00000001800221b8     libmwsl_sfcn_cov_bridge:libmwsl_sfcn_cov_bridge.dll
 0002:000001c0       __imp_mxGetN               00000001800221c0     libmx:libmx.dll
 0002:000001c8       __imp_mxIsComplex          00000001800221c8     libmx:libmx.dll
 0002:000001d0       __imp_mxIsNumeric          00000001800221d0     libmx:libmx.dll
 0002:000001d8       __imp_mxGetClassID         00000001800221d8     libmx:libmx.dll
 0002:000001e0       __imp_mxGetM               00000001800221e0     libmx:libmx.dll
 0002:000001e8       __imp_mxCalloc             00000001800221e8     libmx:libmx.dll
 0002:000001f0       __imp_mxCreateStructArray_730 00000001800221f0     libmx:libmx.dll
 0002:000001f8       __imp_mxCreateStructMatrix_730 00000001800221f8     libmx:libmx.dll
 0002:00000200       __imp_mxCreateCellArray_730 0000000180022200     libmx:libmx.dll
 0002:00000208       __imp_mxCreateCellMatrix_730 0000000180022208     libmx:libmx.dll
 0002:00000210       __imp_mxCreateString       0000000180022210     libmx:libmx.dll
 0002:00000218       __imp_mxCreateDoubleScalar 0000000180022218     libmx:libmx.dll
 0002:00000220       __imp_mxSetField_730       0000000180022220     libmx:libmx.dll
 0002:00000228       __imp_mxDuplicateArray     0000000180022228     libmx:libmx.dll
 0002:00000230       __imp_mxGetString_730      0000000180022230     libmx:libmx.dll
 0002:00000238       __imp_mxCreateDoubleMatrix_730 0000000180022238     libmx:libmx.dll
 0002:00000240       __imp_mxDestroyArray       0000000180022240     libmx:libmx.dll
 0002:00000248       __imp_mxGetPr              0000000180022248     libmx:libmx.dll
 0002:00000250       __imp_mxGetScalar          0000000180022250     libmx:libmx.dll
 0002:00000258       __imp_mxIsChar             0000000180022258     libmx:libmx.dll
 0002:00000260       \177libmx_NULL_THUNK_DATA  0000000180022260     libmx:libmx.dll
 0002:00000268       __imp_utMalloc             0000000180022268     libut:libut.dll
 0002:00000270       __imp_utFree               0000000180022270     libut:libut.dll
 0002:00000278       \177libut_NULL_THUNK_DATA  0000000180022278     libut:libut.dll
 0002:00000280       __imp_sf_debug_symbol_scope_add_eml_importable 0000000180022280     sf_runtime:sf_runtime.dll
 0002:00000288       __imp_sf_debug_set_instance_data_value_ptr 0000000180022288     sf_runtime:sf_runtime.dll
 0002:00000290       __imp_sf_debug_set_chart_disable_implicit_casting 0000000180022290     sf_runtime:sf_runtime.dll
 0002:00000298       __imp_sf_debug_set_chart_event_thresholds 0000000180022298     sf_runtime:sf_runtime.dll
 0002:000002a0       __imp_sf_debug_set_chart_state_info 00000001800222a0     sf_runtime:sf_runtime.dll
 0002:000002a8       __imp_sf_debug_set_chart_decomposition 00000001800222a8     sf_runtime:sf_runtime.dll
 0002:000002b0       __imp_sf_debug_set_chart_substate_count 00000001800222b0     sf_runtime:sf_runtime.dll
 0002:000002b8       __imp_sf_debug_set_chart_substate_index 00000001800222b8     sf_runtime:sf_runtime.dll
 0002:000002c0       __imp_sf_debug_set_chart_state_substate_count 00000001800222c0     sf_runtime:sf_runtime.dll
 0002:000002c8       __imp_sf_debug_data_range_wrapper 00000001800222c8     sf_runtime:sf_runtime.dll
 0002:000002d0       __imp_sf_debug_cv_init_trans 00000001800222d0     sf_runtime:sf_runtime.dll
 0002:000002d8       __imp_sf_mex_import        00000001800222d8     sf_runtime:sf_runtime.dll
 0002:000002e0       __imp_sf_debug_cv_init_state 00000001800222e0     sf_runtime:sf_runtime.dll
 0002:000002e8       __imp_sf_get_ChartInfoStruct_CodeGen 00000001800222e8     sf_runtime:sf_runtime.dll
 0002:000002f0       __imp_sf_get_hasSeparateUpdateOutputs 00000001800222f0     sf_runtime:sf_runtime.dll
 0002:000002f8       __imp_callMdlMethodAndReportError 00000001800222f8     sf_runtime:sf_runtime.dll
 0002:00000300       __imp_call_sf_machine_global_method_dispatcher 0000000180022300     sf_runtime:sf_runtime.dll
 0002:00000308       __imp_getRuntimeInstanceInfoAsVoid 0000000180022308     sf_runtime:sf_runtime.dll
 0002:00000310       __imp_sf_mex_error_direct_call 0000000180022310     sf_runtime:sf_runtime.dll
 0002:00000318       __imp_sf_clear_error_manager_info 0000000180022318     sf_runtime:sf_runtime.dll
 0002:00000320       __imp_sf_debug_create_debug_instance_struct 0000000180022320     sf_runtime:sf_runtime.dll
 0002:00000328       __imp_sf_debug_terminate   0000000180022328     sf_runtime:sf_runtime.dll
 0002:00000330       __imp_sf_debug_api         0000000180022330     sf_runtime:sf_runtime.dll
 0002:00000338       __imp_sf_mex_destroy       0000000180022338     sf_runtime:sf_runtime.dll
 0002:00000340       __imp_sf_debug_set_chart_data_props 0000000180022340     sf_runtime:sf_runtime.dll
 0002:00000348       __imp_sf_debug_symbol_scope_pop 0000000180022348     sf_runtime:sf_runtime.dll
 0002:00000350       __imp_sf_debug_set_animation 0000000180022350     sf_runtime:sf_runtime.dll
 0002:00000358       __imp_sf_debug_get_animation 0000000180022358     sf_runtime:sf_runtime.dll
 0002:00000360       __imp_sf_debug_set_honor_breakpoints 0000000180022360     sf_runtime:sf_runtime.dll
 0002:00000368       __imp_sf_debug_reset_current_state_configuration 0000000180022368     sf_runtime:sf_runtime.dll
 0002:00000370       __imp_cv_eml_init_relational 0000000180022370     sf_runtime:sf_runtime.dll
 0002:00000378       __imp_cv_eml_init_if       0000000180022378     sf_runtime:sf_runtime.dll
 0002:00000380       __imp_cv_eml_init_script   0000000180022380     sf_runtime:sf_runtime.dll
 0002:00000388       __imp_cv_eval_relational   0000000180022388     sf_runtime:sf_runtime.dll
 0002:00000390       __imp_cv_eml_eval          0000000180022390     sf_runtime:sf_runtime.dll
 0002:00000398       __imp_cv_eval_point        0000000180022398     sf_runtime:sf_runtime.dll
 0002:000003a0       __imp_sf_debug_call        00000001800223a0     sf_runtime:sf_runtime.dll
 0002:000003a8       __imp_sf_debug_initialize_chart 00000001800223a8     sf_runtime:sf_runtime.dll
 0002:000003b0       __imp_sdi_update_leaf_activity_signal 00000001800223b0     sf_runtime:sf_runtime.dll
 0002:000003b8       __imp_sdi_update_self_activity_signal 00000001800223b8     sf_runtime:sf_runtime.dll
 0002:000003c0       __imp_sdi_stream_data_signal 00000001800223c0     sf_runtime:sf_runtime.dll
 0002:000003c8       __imp_sdi_stream_child_activity_signal 00000001800223c8     sf_runtime:sf_runtime.dll
 0002:000003d0       __imp_sdi_register_builtin_data_type_signal 00000001800223d0     sf_runtime:sf_runtime.dll
 0002:000003d8       __imp_sdi_register_enum_data_type_signal 00000001800223d8     sf_runtime:sf_runtime.dll
 0002:000003e0       __imp_sf_debug_symbol_scope_push_eml 00000001800223e0     sf_runtime:sf_runtime.dll
 0002:000003e8       __imp_sdi_register_leaf_activity_signal 00000001800223e8     sf_runtime:sf_runtime.dll
 0002:000003f0       __imp_sdi_register_child_activity_signal 00000001800223f0     sf_runtime:sf_runtime.dll
 0002:000003f8       __imp_sdi_register_self_activity_signal 00000001800223f8     sf_runtime:sf_runtime.dll
 0002:00000400       __imp_sdi_database_terminate 0000000180022400     sf_runtime:sf_runtime.dll
 0002:00000408       __imp_sdi_database_initialize 0000000180022408     sf_runtime:sf_runtime.dll
 0002:00000410       __imp_sf_integer_check     0000000180022410     sf_runtime:sf_runtime.dll
 0002:00000418       __imp_sf_eml_array_bounds_check 0000000180022418     sf_runtime:sf_runtime.dll
 0002:00000420       __imp_sf_array_bounds_check 0000000180022420     sf_runtime:sf_runtime.dll
 0002:00000428       __imp_sf_debug_symbol_scope_push 0000000180022428     sf_runtime:sf_runtime.dll
 0002:00000430       __imp_sf_debug_animate     0000000180022430     sf_runtime:sf_runtime.dll
 0002:00000438       __imp_sf_debug_set_chart_data_compiled_props 0000000180022438     sf_runtime:sf_runtime.dll
 0002:00000440       __imp_sf_read_before_write_error 0000000180022440     sf_runtime:sf_runtime.dll
 0002:00000448       __imp_ssGetOutputPortSignal_wrapper 0000000180022448     sf_runtime:sf_runtime.dll
 0002:00000450       __imp_ssGetInputPortSignal_wrapper 0000000180022450     sf_runtime:sf_runtime.dll
 0002:00000458       __imp_ssGetDWork_wrapper   0000000180022458     sf_runtime:sf_runtime.dll
 0002:00000460       __imp_sf_mex_dup           0000000180022460     sf_runtime:sf_runtime.dll
 0002:00000468       __imp_sf_mex_assign        0000000180022468     sf_runtime:sf_runtime.dll
 0002:00000470       __imp_sf_mex_getcell       0000000180022470     sf_runtime:sf_runtime.dll
 0002:00000478       __imp_sf_mex_setcell       0000000180022478     sf_runtime:sf_runtime.dll
 0002:00000480       __imp_sf_mex_createcellmatrix 0000000180022480     sf_runtime:sf_runtime.dll
 0002:00000488       __imp_sf_mex_create        0000000180022488     sf_runtime:sf_runtime.dll
 0002:00000490       __imp_sf_mex_get_enum_element 0000000180022490     sf_runtime:sf_runtime.dll
 0002:00000498       __imp_sf_mex_create_enum   0000000180022498     sf_runtime:sf_runtime.dll
 0002:000004a0       __imp_sf_mex_check_enum    00000001800224a0     sf_runtime:sf_runtime.dll
 0002:000004a8       __imp_sf_mex_check_builtin 00000001800224a8     sf_runtime:sf_runtime.dll
 0002:000004b0       __imp_sf_mex_error_message 00000001800224b0     sf_runtime:sf_runtime.dll
 0002:000004b8       __imp_sf_mex_call_debug    00000001800224b8     sf_runtime:sf_runtime.dll
 0002:000004c0       __imp_sf_mex_printf        00000001800224c0     sf_runtime:sf_runtime.dll
 0002:000004c8       __imp_ssSetBlockIsPurelyCombinatorial_wrapper 00000001800224c8     sf_runtime:sf_runtime.dll
 0002:000004d0       __imp_sf_register_codegen_names_for_scoped_functions_defined_by_chart 00000001800224d0     sf_runtime:sf_runtime.dll
 0002:000004d8       __imp_sf_set_chart_accesses_machine_info 00000001800224d8     sf_runtime:sf_runtime.dll
 0002:000004e0       __imp_setLegacyDebuggerFlagForRuntime 00000001800224e0     sf_runtime:sf_runtime.dll
 0002:000004e8       __imp_sf_is_first_init_cond 00000001800224e8     sf_runtime:sf_runtime.dll
 0002:000004f0       __imp_sf_get_time          00000001800224f0     sf_runtime:sf_runtime.dll
 0002:000004f8       __imp_sf_set_encoded_dwork_info 00000001800224f8     sf_runtime:sf_runtime.dll
 0002:00000500       __imp_sf_get_dwork_info_from_mat_file 0000000180022500     sf_runtime:sf_runtime.dll
 0002:00000508       __imp_sf_set_rtw_dwork_info 0000000180022508     sf_runtime:sf_runtime.dll
 0002:00000510       __imp_sf_clear_rtw_identifier 0000000180022510     sf_runtime:sf_runtime.dll
 0002:00000518       __imp_sf_mex_duplicatearraysafe 0000000180022518     sf_runtime:sf_runtime.dll
 0002:00000520       __imp_sim_mode_is_modelref_sim 0000000180022520     sf_runtime:sf_runtime.dll
 0002:00000528       __imp_sim_mode_is_external 0000000180022528     sf_runtime:sf_runtime.dll
 0002:00000530       __imp_sim_mode_is_rtw_gen  0000000180022530     sf_runtime:sf_runtime.dll
 0002:00000538       __imp_sf_mex_decode_encoded_mx_struct_array 0000000180022538     sf_runtime:sf_runtime.dll
 0002:00000540       __imp_sf_mark_chart_expressionable_inputs 0000000180022540     sf_runtime:sf_runtime.dll
 0002:00000548       __imp_sf_mark_chart_reusable_outputs 0000000180022548     sf_runtime:sf_runtime.dll
 0002:00000550       __imp_sf_is_chart_inlinable 0000000180022550     sf_runtime:sf_runtime.dll
 0002:00000558       __imp_sf_update_buildInfo  0000000180022558     sf_runtime:sf_runtime.dll
 0002:00000560       __imp_sf_rtw_info_uint_prop 0000000180022560     sf_runtime:sf_runtime.dll
 0002:00000568       __imp_sf_get_chart_instance_ptr 0000000180022568     sf_runtime:sf_runtime.dll
 0002:00000570       __imp_sfrtGetEmlrtCtx      0000000180022570     sf_runtime:sf_runtime.dll
 0002:00000578       __imp_sf_free_ChartRunTimeInfo 0000000180022578     sf_runtime:sf_runtime.dll
 0002:00000580       __imp_sf_init_ChartRunTimeInfo 0000000180022580     sf_runtime:sf_runtime.dll
 0002:00000588       __imp_sf_debug_set_machine_data_thresholds 0000000180022588     sf_runtime:sf_runtime.dll
 0002:00000590       __imp_sf_debug_set_machine_event_thresholds 0000000180022590     sf_runtime:sf_runtime.dll
 0002:00000598       __imp_sf_debug_initialize_machine 0000000180022598     sf_runtime:sf_runtime.dll
 0002:000005a0       __imp_sf_mex_sub           00000001800225a0     sf_runtime:sf_runtime.dll
 0002:000005a8       __imp_sf_debug_cv_init_chart 00000001800225a8     sf_runtime:sf_runtime.dll
 0002:000005b0       __imp_sf_load_rtw_optimization_info 00000001800225b0     sf_runtime:sf_runtime.dll
 0002:000005b8       \177sf_runtime_NULL_THUNK_DATA 00000001800225b8     sf_runtime:sf_runtime.dll
 0002:000005c0       __guard_check_icall_fptr   00000001800225c0     MSVCRT:guard_support.obj
 0002:000005c8       __guard_dispatch_icall_fptr 00000001800225c8     MSVCRT:guard_support.obj
 0002:000005d0       __xc_a                     00000001800225d0     MSVCRT:initializers.obj
 0002:000005d8       __xc_z                     00000001800225d8     MSVCRT:initializers.obj
 0002:000005e0       __xi_a                     00000001800225e0     MSVCRT:initializers.obj
 0002:000005e8       __xi_z                     00000001800225e8     MSVCRT:initializers.obj
 0002:000005f0       __xp_a                     00000001800225f0     MSVCRT:initializers.obj
 0002:000005f8       __xp_z                     00000001800225f8     MSVCRT:initializers.obj
 0002:00000600       __xt_a                     0000000180022600     MSVCRT:initializers.obj
 0002:00000608       __xt_z                     0000000180022608     MSVCRT:initializers.obj
 0002:00000610       __real@4151f78200000000    0000000180022610     keypad_template_sfun.obj
 0002:00000618       __real@41934c20d0000000    0000000180022618     keypad_template_sfun.obj
 0002:00000620       __real@41a5ce2306000000    0000000180022620     keypad_template_sfun.obj
 0002:00000628       __real@41b65ec24c000000    0000000180022628     keypad_template_sfun.obj
 0002:00000630       __real@41cab22299000000    0000000180022630     keypad_template_sfun.obj
 0002:00000638       __real@41d5b0829cc00000    0000000180022638     keypad_template_sfun.obj
 0002:00000640       __real@41d93d231ec00000    0000000180022640     keypad_template_sfun.obj
 0002:00000648       __real@41d984b519000000    0000000180022648     keypad_template_sfun.obj
 0002:00000650       __real@41daa42d2b400000    0000000180022650     keypad_template_sfun.obj
 0002:00000658       __real@41e0d4febee00000    0000000180022658     keypad_template_sfun.obj
 0002:00000660       __real@41e5f300f7e00000    0000000180022660     keypad_template_sfun.obj
 0002:00000668       __real@41ea222068e00000    0000000180022668     keypad_template_sfun.obj
 0002:00000728       __real@0000000000000000    0000000180022728     c3_keypad_template.obj
 0002:00000730       __real@3ff0000000000000    0000000180022730     c3_keypad_template.obj
 0002:00000738       __real@4010000000000000    0000000180022738     c3_keypad_template.obj
 0002:00000740       __real@4014000000000000    0000000180022740     c3_keypad_template.obj
 0002:00000748       __real@4024000000000000    0000000180022748     c3_keypad_template.obj
 0002:00000750       __real@402c000000000000    0000000180022750     c3_keypad_template.obj
 0002:00000758       __real@41cf909bc9000000    0000000180022758     c3_keypad_template.obj
 0002:00000760       __real@41dee26b53400000    0000000180022760     c3_keypad_template.obj
 0002:00000768       __real@41e3592fe5e00000    0000000180022768     c3_keypad_template.obj
 0002:00000770       __real@41e6c6f21d800000    0000000180022770     c3_keypad_template.obj
 0002:00000778       DYNAMIC_DIMENSION_DEF      0000000180022778     keypad_template_sfun_registry.obj
 0002:00000790       __real@41602cbca0000000    0000000180022790     keypad_template_sfun_registry.obj
 0002:00000798       __real@bff0000000000000    0000000180022798     keypad_template_sfun_registry.obj
 0002:000007b0       _pDefaultRawDllMain        00000001800227b0     MSVCRT:dll_dllmain.obj
 0002:000007b0       _pRawDllMain               00000001800227b0     MSVCRT:dll_dllmain.obj
 0002:000007e0       _load_config_used          00000001800227e0     MSVCRT:loadcfg.obj
 0002:00000af8       __rtc_iaa                  0000000180022af8     MSVCRT:_initsect_.obj
 0002:00000b00       __rtc_izz                  0000000180022b00     MSVCRT:_initsect_.obj
 0002:00000b08       __rtc_taa                  0000000180022b08     MSVCRT:_initsect_.obj
 0002:00000b10       __rtc_tzz                  0000000180022b10     MSVCRT:_initsect_.obj
 0002:000015b0       __IMPORT_DESCRIPTOR_sf_runtime 00000001800235b0     sf_runtime:sf_runtime.dll
 0002:000015c4       __IMPORT_DESCRIPTOR_libmx  00000001800235c4     libmx:libmx.dll
 0002:000015d8       __IMPORT_DESCRIPTOR_libmex 00000001800235d8     libmex:libmex.dll
 0002:000015ec       __IMPORT_DESCRIPTOR_libut  00000001800235ec     libut:libut.dll
 0002:00001600       __IMPORT_DESCRIPTOR_libemlrt 0000000180023600     libemlrt:libemlrt.dll
 0002:00001614       __IMPORT_DESCRIPTOR_libmwsl_sfcn_cov_bridge 0000000180023614     libmwsl_sfcn_cov_bridge:libmwsl_sfcn_cov_bridge.dll
 0002:00001628       __IMPORT_DESCRIPTOR_KERNEL32 0000000180023628     kernel32:KERNEL32.dll
 0002:0000163c       __IMPORT_DESCRIPTOR_VCRUNTIME140 000000018002363c     vcruntime:VCRUNTIME140.dll
 0002:00001650       __IMPORT_DESCRIPTOR_api-ms-win-crt-string-l1-1-0 0000000180023650     ucrt:api-ms-win-crt-string-l1-1-0.dll
 0002:00001664       __IMPORT_DESCRIPTOR_api-ms-win-crt-stdio-l1-1-0 0000000180023664     ucrt:api-ms-win-crt-stdio-l1-1-0.dll
 0002:00001678       __IMPORT_DESCRIPTOR_api-ms-win-crt-heap-l1-1-0 0000000180023678     ucrt:api-ms-win-crt-heap-l1-1-0.dll
 0002:0000168c       __IMPORT_DESCRIPTOR_api-ms-win-crt-runtime-l1-1-0 000000018002368c     ucrt:api-ms-win-crt-runtime-l1-1-0.dll
 0002:000016a0       __NULL_IMPORT_DESCRIPTOR   00000001800236a0     sf_runtime:sf_runtime.dll
 0003:00001f40       DYNAMIC_DIMENSION          0000000180026f40     keypad_template_sfun_registry.obj
 0003:00004320       __security_cookie          0000000180029320     MSVCRT:gs_cookie.obj
 0003:00004328       __security_cookie_complement 0000000180029328     MSVCRT:gs_cookie.obj
 0003:00004330       _fltused                   0000000180029330     MSVCRT:fltused.obj
 0003:00004340       __scrt_native_dllmain_reason 0000000180029340     MSVCRT:utility.obj
 0003:00004348       __isa_available            0000000180029348     MSVCRT:_cpu_disp_.obj
 0003:0000434c       __isa_enabled              000000018002934c     MSVCRT:_cpu_disp_.obj
 0003:00004350       __memcpy_nt_iters          0000000180029350     MSVCRT:_cpu_disp_.obj
 0003:00004360       __scrt_ucrt_dll_is_in_use  0000000180029360     MSVCRT:ucrt_stubs.obj
 0003:000043b8       sfGlobalDebugInstanceStruct 00000001800293b8     keypad_template_sfun_registry.obj
 0003:00004950       ?__type_info_root_node@@3U__type_info_node@@A 0000000180029950     MSVCRT:tncleanup.obj
 0003:00004960       ?_OptionsStorage@?1??__local_stdio_printf_options@@9@4_KA 0000000180029960     MSVCRT:default_local_stdio_options.obj
 0003:00004968       ?_OptionsStorage@?1??__local_stdio_scanf_options@@9@4_KA 0000000180029968     MSVCRT:default_local_stdio_options.obj
 0003:00004970       __scrt_current_native_startup_state 0000000180029970     MSVCRT:utility.obj
 0003:00004978       __scrt_native_startup_lock 0000000180029978     MSVCRT:utility.obj
 0003:000049b4       __scrt_debugger_hook_flag  00000001800299b4     MSVCRT:utility_desktop.obj
 0003:000049b8       __favor                    00000001800299b8     MSVCRT:_cpu_disp_.obj
 0003:000049c0       ?_OptionsStorage@?1??__local_stdio_printf_options@@9@9 00000001800299c0     <common>
 0003:000049c8       _keypad_templateMachineNumber_ 00000001800299c8     <common>
 0003:000049d0       __dyn_tls_init_callback    00000001800299d0     <common>

 entry point at        0001:0001f5b8

 Static symbols

 0000:00000000       .debug$S                   0000000180000000     sf_runtime:sf_runtime.dll
 0000:00000000       .debug$S                   0000000180000000     sf_runtime:sf_runtime.dll
 0000:00000000       .debug$S                   0000000180000000     sf_runtime:sf_runtime.dll
 0000:00000000       .debug$S                   0000000180000000     sf_runtime:sf_runtime.dll
 0000:00000000       .debug$S                   0000000180000000     sf_runtime:sf_runtime.dll
 0000:00000000       .debug$S                   0000000180000000     sf_runtime:sf_runtime.dll
 0000:00000000       .debug$S                   0000000180000000     keypad_template_sfun.exp
 0000:00000000       .debug$S                   0000000180000000     sf_runtime:sf_runtime.dll
 0000:00000000       .debug$S                   0000000180000000     sf_runtime:sf_runtime.dll
 0000:00000000       .debug$S                   0000000180000000     sf_runtime:sf_runtime.dll
 0000:00000000       .debug$S                   0000000180000000     sf_runtime:sf_runtime.dll
 0000:00000000       .debug$S                   0000000180000000     sf_runtime:sf_runtime.dll
 0000:00000000       .debug$S                   0000000180000000     ucrt:api-ms-win-crt-runtime-l1-1-0.dll
 0000:00000000       .debug$S                   0000000180000000     ucrt:api-ms-win-crt-runtime-l1-1-0.dll
 0000:00000000       .debug$S                   0000000180000000     ucrt:api-ms-win-crt-runtime-l1-1-0.dll
 0000:00000000       .debug$S                   0000000180000000     ucrt:api-ms-win-crt-runtime-l1-1-0.dll
 0000:00000000       .debug$S                   0000000180000000     ucrt:api-ms-win-crt-runtime-l1-1-0.dll
 0000:00000000       .debug$S                   0000000180000000     ucrt:api-ms-win-crt-runtime-l1-1-0.dll
 0000:00000000       .debug$S                   0000000180000000     ucrt:api-ms-win-crt-runtime-l1-1-0.dll
 0000:00000000       .debug$S                   0000000180000000     ucrt:api-ms-win-crt-runtime-l1-1-0.dll
 0000:00000000       .debug$S                   0000000180000000     ucrt:api-ms-win-crt-runtime-l1-1-0.dll
 0000:00000000       .debug$S                   0000000180000000     ucrt:api-ms-win-crt-runtime-l1-1-0.dll
 0000:00000000       .debug$S                   0000000180000000     ucrt:api-ms-win-crt-runtime-l1-1-0.dll
 0000:00000000       .debug$S                   0000000180000000     ucrt:api-ms-win-crt-runtime-l1-1-0.dll
 0000:00000000       .debug$S                   0000000180000000     ucrt:api-ms-win-crt-string-l1-1-0.dll
 0000:00000000       .debug$S                   0000000180000000     ucrt:api-ms-win-crt-heap-l1-1-0.dll
 0000:00000000       .debug$S                   0000000180000000     ucrt:api-ms-win-crt-heap-l1-1-0.dll
 0000:00000000       .debug$S                   0000000180000000     ucrt:api-ms-win-crt-stdio-l1-1-0.dll
 0000:00000000       .debug$S                   0000000180000000     ucrt:api-ms-win-crt-string-l1-1-0.dll
 0000:00000000       .debug$S                   0000000180000000     sf_runtime:sf_runtime.dll
 0000:00000000       .debug$S                   0000000180000000     vcruntime:VCRUNTIME140.dll
 0000:00000000       .debug$S                   0000000180000000     vcruntime:VCRUNTIME140.dll
 0000:00000000       .debug$S                   0000000180000000     vcruntime:VCRUNTIME140.dll
 0000:00000000       .debug$S                   0000000180000000     vcruntime:VCRUNTIME140.dll
 0000:00000000       .debug$S                   0000000180000000     sf_runtime:sf_runtime.dll
 0000:00000000       .debug$S                   0000000180000000     kernel32:KERNEL32.dll
 0000:00000000       .debug$S                   0000000180000000     kernel32:KERNEL32.dll
 0000:00000000       .debug$S                   0000000180000000     kernel32:KERNEL32.dll
 0000:00000000       .debug$S                   0000000180000000     kernel32:KERNEL32.dll
 0000:00000000       .debug$S                   0000000180000000     kernel32:KERNEL32.dll
 0000:00000000       .debug$S                   0000000180000000     kernel32:KERNEL32.dll
 0000:00000000       .debug$S                   0000000180000000     kernel32:KERNEL32.dll
 0000:00000000       .debug$S                   0000000180000000     kernel32:KERNEL32.dll
 0000:00000000       .debug$S                   0000000180000000     kernel32:KERNEL32.dll
 0000:00000000       .debug$S                   0000000180000000     kernel32:KERNEL32.dll
 0000:00000000       .debug$S                   0000000180000000     kernel32:KERNEL32.dll
 0000:00000000       .debug$S                   0000000180000000     kernel32:KERNEL32.dll
 0000:00000000       .debug$S                   0000000180000000     kernel32:KERNEL32.dll
 0000:00000000       .debug$S                   0000000180000000     kernel32:KERNEL32.dll
 0000:00000000       .debug$S                   0000000180000000     kernel32:KERNEL32.dll
 0000:00000000       .debug$S                   0000000180000000     kernel32:KERNEL32.dll
 0000:00000000       .debug$S                   0000000180000000     kernel32:KERNEL32.dll
 0000:00000000       .debug$S                   0000000180000000     sf_runtime:sf_runtime.dll
 0000:00000000       .debug$S                   0000000180000000     sf_runtime:sf_runtime.dll
 0000:00000000       .debug$S                   0000000180000000     sf_runtime:sf_runtime.dll
 0000:00000000       .debug$S                   0000000180000000     sf_runtime:sf_runtime.dll
 0002:fffde000       __guard_fids__guard_icall_checks_enforced 0000000180000000     MSVCRT:guard_support.obj
 0002:fffde000       __guard_fids__             0000000180000000     MSVCRT:guard_support.obj
 0000:00000000       .debug$S                   0000000180000000     sf_runtime:sf_runtime.dll
 0000:00000000       .debug$S                   0000000180000000     sf_runtime:sf_runtime.dll
 0000:00000000       .debug$S                   0000000180000000     sf_runtime:sf_runtime.dll
 0000:00000000       .debug$S                   0000000180000000     sf_runtime:sf_runtime.dll
 0000:00000000       .debug$S                   0000000180000000     sf_runtime:sf_runtime.dll
 0000:00000000       .debug$S                   0000000180000000     sf_runtime:sf_runtime.dll
 0000:00000000       .debug$S                   0000000180000000     sf_runtime:sf_runtime.dll
 0000:00000000       .debug$S                   0000000180000000     sf_runtime:sf_runtime.dll
 0002:fffde000       __guard_fids___scrt_set_unhandled_exception_filter 0000000180000000     MSVCRT:utility_desktop.obj
 0000:00000000       .debug$S                   0000000180000000     sf_runtime:sf_runtime.dll
 0000:00000000       .debug$S                   0000000180000000     sf_runtime:sf_runtime.dll
 0000:00000000       .debug$S                   0000000180000000     sf_runtime:sf_runtime.dll
 0000:00000000       .debug$S                   0000000180000000     sf_runtime:sf_runtime.dll
 0000:00000000       .debug$S                   0000000180000000     sf_runtime:sf_runtime.dll
 0000:00000000       .debug$S                   0000000180000000     sf_runtime:sf_runtime.dll
 0000:00000000       .debug$S                   0000000180000000     sf_runtime:sf_runtime.dll
 0000:00000000       .debug$S                   0000000180000000     sf_runtime:sf_runtime.dll
 0000:00000000       .debug$S                   0000000180000000     sf_runtime:sf_runtime.dll
 0000:00000000       .debug$S                   0000000180000000     sf_runtime:sf_runtime.dll
 0000:00000000       .debug$S                   0000000180000000     sf_runtime:sf_runtime.dll
 0000:00000000       .debug$S                   0000000180000000     sf_runtime:sf_runtime.dll
 0000:00000000       .debug$S                   0000000180000000     sf_runtime:sf_runtime.dll
 0000:00000000       .debug$S                   0000000180000000     sf_runtime:sf_runtime.dll
 0000:00000000       .debug$S                   0000000180000000     sf_runtime:sf_runtime.dll
 0000:00000000       .debug$S                   0000000180000000     sf_runtime:sf_runtime.dll
 0000:00000000       .debug$S                   0000000180000000     sf_runtime:sf_runtime.dll
 0000:00000000       .debug$S                   0000000180000000     sf_runtime:sf_runtime.dll
 0000:00000000       .debug$S                   0000000180000000     sf_runtime:sf_runtime.dll
 0000:00000000       .debug$S                   0000000180000000     sf_runtime:sf_runtime.dll
 0000:00000000       .debug$S                   0000000180000000     sf_runtime:sf_runtime.dll
 0000:00000000       .debug$S                   0000000180000000     sf_runtime:sf_runtime.dll
 0000:00000000       .debug$S                   0000000180000000     sf_runtime:sf_runtime.dll
 0000:00000000       .debug$S                   0000000180000000     sf_runtime:sf_runtime.dll
 0000:00000000       .debug$S                   0000000180000000     sf_runtime:sf_runtime.dll
 0000:00000000       .debug$S                   0000000180000000     sf_runtime:sf_runtime.dll
 0000:00000000       .debug$S                   0000000180000000     sf_runtime:sf_runtime.dll
 0000:00000000       .debug$S                   0000000180000000     sf_runtime:sf_runtime.dll
 0000:00000000       .debug$S                   0000000180000000     sf_runtime:sf_runtime.dll
 0000:00000000       .debug$S                   0000000180000000     sf_runtime:sf_runtime.dll
 0000:00000000       .debug$S                   0000000180000000     sf_runtime:sf_runtime.dll
 0000:00000000       .debug$S                   0000000180000000     sf_runtime:sf_runtime.dll
 0000:00000000       .debug$S                   0000000180000000     sf_runtime:sf_runtime.dll
 0000:00000000       .debug$S                   0000000180000000     sf_runtime:sf_runtime.dll
 0000:00000000       .debug$S                   0000000180000000     sf_runtime:sf_runtime.dll
 0000:00000000       .debug$S                   0000000180000000     sf_runtime:sf_runtime.dll
 0000:00000000       .debug$S                   0000000180000000     sf_runtime:sf_runtime.dll
 0000:00000000       .debug$S                   0000000180000000     sf_runtime:sf_runtime.dll
 0000:00000000       .debug$S                   0000000180000000     sf_runtime:sf_runtime.dll
 0000:00000000       .debug$S                   0000000180000000     sf_runtime:sf_runtime.dll
 0000:00000000       .debug$S                   0000000180000000     sf_runtime:sf_runtime.dll
 0000:00000000       .debug$S                   0000000180000000     sf_runtime:sf_runtime.dll
 0000:00000000       .debug$S                   0000000180000000     sf_runtime:sf_runtime.dll
 0000:00000000       .debug$S                   0000000180000000     sf_runtime:sf_runtime.dll
 0000:00000000       .debug$S                   0000000180000000     sf_runtime:sf_runtime.dll
 0000:00000000       .debug$S                   0000000180000000     sf_runtime:sf_runtime.dll
 0000:00000000       .debug$S                   0000000180000000     sf_runtime:sf_runtime.dll
 0000:00000000       .debug$S                   0000000180000000     sf_runtime:sf_runtime.dll
 0000:00000000       .debug$S                   0000000180000000     libmx:libmx.dll
 0000:00000000       .debug$S                   0000000180000000     libmx:libmx.dll
 0000:00000000       .debug$S                   0000000180000000     libmx:libmx.dll
 0000:00000000       .debug$S                   0000000180000000     libmx:libmx.dll
 0000:00000000       .debug$S                   0000000180000000     libmx:libmx.dll
 0000:00000000       .debug$S                   0000000180000000     sf_runtime:sf_runtime.dll
 0000:00000000       .debug$S                   0000000180000000     libmx:libmx.dll
 0000:00000000       .debug$S                   0000000180000000     libmx:libmx.dll
 0000:00000000       .debug$S                   0000000180000000     libmx:libmx.dll
 0000:00000000       .debug$S                   0000000180000000     libmx:libmx.dll
 0000:00000000       .debug$S                   0000000180000000     libmx:libmx.dll
 0000:00000000       .debug$S                   0000000180000000     libmx:libmx.dll
 0002:fffde000       __guard_fids_?dllmain_dispatch@@YAHQEAUHINSTANCE__@@KQEAX@Z 0000000180000000     MSVCRT:dll_dllmain.obj
 0000:00000000       .debug$S                   0000000180000000     libmx:libmx.dll
 0000:00000000       .debug$S                   0000000180000000     libmx:libmx.dll
 0000:00000000       .debug$S                   0000000180000000     libmx:libmx.dll
 0000:00000000       .debug$S                   0000000180000000     libmx:libmx.dll
 0000:00000000       .debug$S                   0000000180000000     libmx:libmx.dll
 0000:00000000       .debug$S                   0000000180000000     libmx:libmx.dll
 0000:00000000       .debug$S                   0000000180000000     libmx:libmx.dll
 0000:00000000       .debug$S                   0000000180000000     libmx:libmx.dll
 0000:00000000       .debug$S                   0000000180000000     libmx:libmx.dll
 0000:00000000       .debug$S                   0000000180000000     sf_runtime:sf_runtime.dll
 0000:00000000       .debug$S                   0000000180000000     sf_runtime:sf_runtime.dll
 0000:00000000       .debug$S                   0000000180000000     sf_runtime:sf_runtime.dll
 0000:00000000       .debug$S                   0000000180000000     sf_runtime:sf_runtime.dll
 0000:00000000       .debug$S                   0000000180000000     sf_runtime:sf_runtime.dll
 0000:00000000       .debug$S                   0000000180000000     sf_runtime:sf_runtime.dll
 0000:00000000       .debug$S                   0000000180000000     sf_runtime:sf_runtime.dll
 0000:00000000       .debug$S                   0000000180000000     sf_runtime:sf_runtime.dll
 0000:00000000       .debug$S                   0000000180000000     sf_runtime:sf_runtime.dll
 0000:00000000       .debug$S                   0000000180000000     libmex:libmex.dll
 0000:00000000       .debug$S                   0000000180000000     sf_runtime:sf_runtime.dll
 0000:00000000       .debug$S                   0000000180000000     libmex:libmex.dll
 0000:00000000       .debug$S                   0000000180000000     sf_runtime:sf_runtime.dll
 0000:00000000       .debug$S                   0000000180000000     libmex:libmex.dll
 0000:00000000       .debug$S                   0000000180000000     libmex:libmex.dll
 0000:00000000       .debug$S                   0000000180000000     libmex:libmex.dll
 0000:00000000       .debug$S                   0000000180000000     libmex:libmex.dll
 0000:00000000       .debug$S                   0000000180000000     libmex:libmex.dll
 0000:00000000       .debug$S                   0000000180000000     sf_runtime:sf_runtime.dll
[...]
 0004:00000330       $pdata$sf_get_sim_state_info_c3_keypad_template 000000018002a330     c3_keypad_template.obj
 0004:0000033c       $pdata$sf_check_dwork_consistency 000000018002a33c     c3_keypad_template.obj
 0004:00000348       $pdata$sf_opaque_initialize_c3_keypad_template 000000018002a348     c3_keypad_template.obj
 0004:00000354       $pdata$sf_opaque_enable_c3_keypad_template 000000018002a354     c3_keypad_template.obj
 0004:00000360       $pdata$sf_opaque_disable_c3_keypad_template 000000018002a360     c3_keypad_template.obj
 0004:0000036c       $pdata$sf_opaque_gateway_c3_keypad_template 000000018002a36c     c3_keypad_template.obj
 0004:00000378       $pdata$sf_opaque_ext_mode_exec_c3_keypad_template 000000018002a378     c3_keypad_template.obj
 0004:00000384       $pdata$sf_opaque_get_sim_state_c3_keypad_template 000000018002a384     c3_keypad_template.obj
 0004:00000390       $pdata$sf_opaque_set_sim_state_c3_keypad_template 000000018002a390     c3_keypad_template.obj
 0004:0000039c       $pdata$sf_opaque_terminate_c3_keypad_template 000000018002a39c     c3_keypad_template.obj
 0004:000003a8       $pdata$mdlProcessParameters_c3_keypad_template 000000018002a3a8     c3_keypad_template.obj
 0004:000003b4       $pdata$sf_c3_keypad_template_get_testpoint_info 000000018002a3b4     c3_keypad_template.obj
 0004:000003c0       $pdata$sf_set_sfun_dwork_info 000000018002a3c0     c3_keypad_template.obj
 0004:000003cc       $pdata$mdlSetWorkWidths_c3_keypad_template 000000018002a3cc     c3_keypad_template.obj
 0004:000003d8       $pdata$mdlRTW_c3_keypad_template 000000018002a3d8     c3_keypad_template.obj
 0004:000003e4       $pdata$mdlStart_c3_keypad_template 000000018002a3e4     c3_keypad_template.obj
 0004:000003f0       $pdata$mexFunction         000000018002a3f0     keypad_template_sfun_registry.obj
 0004:000003fc       $pdata$_ssSetInputPortDirectFeedThroughFcn 000000018002a3fc     keypad_template_sfun_registry.obj
 0004:00000408       $pdata$_ssSetRWorkValueFcn 000000018002a408     keypad_template_sfun_registry.obj
 0004:00000414       $pdata$_ssGetRWorkValueFcn 000000018002a414     keypad_template_sfun_registry.obj
 0004:00000420       $pdata$_ssSetIWorkValueFcn 000000018002a420     keypad_template_sfun_registry.obj
 0004:0000042c       $pdata$_ssGetIWorkValueFcn 000000018002a42c     keypad_template_sfun_registry.obj
 0004:00000438       $pdata$_ssSetPWorkValueFcn 000000018002a438     keypad_template_sfun_registry.obj
 0004:00000444       $pdata$_ssGetPWorkValueFcn 000000018002a444     keypad_template_sfun_registry.obj
 0004:00000450       $pdata$_ssGetInputPortSignalFcn 000000018002a450     keypad_template_sfun_registry.obj
 0004:0000045c       $pdata$_ssGetInputPortBufferDstPortFcn 000000018002a45c     keypad_template_sfun_registry.obj
 0004:00000468       $pdata$_ssGetInputPortSignalPtrsFcn 000000018002a468     keypad_template_sfun_registry.obj
 0004:00000474       $pdata$ssGetParameterTuningCompliance 000000018002a474     keypad_template_sfun_registry.obj
 0004:00000480       $pdata$ssGetDTypeIdFromMxArray 000000018002a480     keypad_template_sfun_registry.obj
 0004:0000048c       $pdata$ssWriteRTWMx2dMatParam 000000018002a48c     keypad_template_sfun_registry.obj
 0004:00000498       $pdata$ssWriteRTWMxVectParam 000000018002a498     keypad_template_sfun_registry.obj
 0004:000004a4       $pdata$ssWriteRTWParameters 000000018002a4a4     keypad_template_sfun_registry.obj
 0004:000004b0       $pdata$ssWriteRTWParamSettings 000000018002a4b0     keypad_template_sfun_registry.obj
 0004:000004bc       $pdata$ssWriteRTWStr       000000018002a4bc     keypad_template_sfun_registry.obj
 0004:000004c8       $pdata$ssWriteRTWWorkVect  000000018002a4c8     keypad_template_sfun_registry.obj
 0004:000004d4       $pdata$ssWarning           000000018002a4d4     keypad_template_sfun_registry.obj
 0004:000004e0       $pdata$ssWriteRTWNameValuePair 000000018002a4e0     keypad_template_sfun_registry.obj
 0004:000004ec       $pdata$_ssSetInputPortMatrixDimensions 000000018002a4ec     keypad_template_sfun_registry.obj
 0004:000004f8       $pdata$_ssSetOutputPortMatrixDimensions 000000018002a4f8     keypad_template_sfun_registry.obj
 0004:00000504       $pdata$_ssSetInputPortVectorDimension 000000018002a504     keypad_template_sfun_registry.obj
 0004:00000510       $pdata$_ssSetOutputPortVectorDimension 000000018002a510     keypad_template_sfun_registry.obj
 0004:0000051c       $pdata$ssIsRunTimeParamTunable 000000018002a51c     keypad_template_sfun_registry.obj
 0004:00000528       $pdata$ssGetSFuncBlockHandle 000000018002a528     keypad_template_sfun_registry.obj
 0004:00000534       $pdata$_ssGetCurrentInputPortWidth 000000018002a534     keypad_template_sfun_registry.obj
 0004:00000540       $pdata$_ssGetCurrentOutputPortWidth 000000018002a540     keypad_template_sfun_registry.obj
 0004:0000054c       $pdata$_ssGetCallSystemNumFcnCallDestinations 000000018002a54c     keypad_template_sfun_registry.obj
 0004:00000558       $pdata$ssGetIsZeroCrossControlDisabled 000000018002a558     keypad_template_sfun_registry.obj
 0004:00000564       $pdata$ssSetIsInputPortUsedForContZcSignal 000000018002a564     keypad_template_sfun_registry.obj
 0004:00000570       $pdata$ssSetZcSignalIsZcElementDisc 000000018002a570     keypad_template_sfun_registry.obj
 0004:0000057c       $pdata$ssSetZcSignalName   000000018002a57c     keypad_template_sfun_registry.obj
 0004:00000588       $pdata$ssSetZcSignalWidth  000000018002a588     keypad_template_sfun_registry.obj
 0004:00000594       $pdata$ssSetZcSignalZcEventType 000000018002a594     keypad_template_sfun_registry.obj
 0004:000005a0       $pdata$ssSetZcSignalType   000000018002a5a0     keypad_template_sfun_registry.obj
 0004:000005ac       $pdata$ssSetZcSignalZcTol  000000018002a5ac     keypad_template_sfun_registry.obj
 0004:000005b8       $pdata$ssSetZcSignalNeedsEventNotification 000000018002a5b8     keypad_template_sfun_registry.obj
 0004:000005c4       $pdata$ssCreateAndAddZcSignalInfo 000000018002a5c4     keypad_template_sfun_registry.obj
 0004:000005d0       $pdata$ssCloneAndAddZcSignalInfo 000000018002a5d0     keypad_template_sfun_registry.obj
 0004:000005dc       $pdata$ssGetNumZcSignals   000000018002a5dc     keypad_template_sfun_registry.obj
 0004:000005e8       $pdata$ssGetZcSignalVector 000000018002a5e8     keypad_template_sfun_registry.obj
 0004:000005f4       $pdata$ssGetZcSignalName   000000018002a5f4     keypad_template_sfun_registry.obj
 0004:00000600       $pdata$ssGetZcSignalWidth  000000018002a600     keypad_template_sfun_registry.obj
 0004:0000060c       $pdata$ssGetZcSignalZcEventType 000000018002a60c     keypad_template_sfun_registry.obj
 0004:00000618       $pdata$ssGetZcSignalZcEvents 000000018002a618     keypad_template_sfun_registry.obj
 0004:00000624       $pdata$ssGetZcSignalType   000000018002a624     keypad_template_sfun_registry.obj
 0004:00000630       $pdata$ssGetZcSignalZcTol  000000018002a630     keypad_template_sfun_registry.obj
 0004:0000063c       $pdata$ssGetZcSignalNeedsEventNotification 000000018002a63c     keypad_template_sfun_registry.obj
 0004:00000648       $pdata$ssGetZcSignalIsZcElementDisc 000000018002a648     keypad_template_sfun_registry.obj
 0004:00000654       $pdata$ssGetIsInputPortElementContinuous 000000018002a654     keypad_template_sfun_registry.obj
 0004:00000660       $pdata$_ssGetAbsTol        000000018002a660     keypad_template_sfun_registry.obj
 0004:0000066c       $pdata$_ssSetInputPortReusableFcn 000000018002a66c     keypad_template_sfun_registry.obj
 0004:00000678       $pdata$_ssSetOutputPortReusableFcn 000000018002a678     keypad_template_sfun_registry.obj
 0004:00000684       $pdata$_ssSetSymbolicDimsSupport 000000018002a684     keypad_template_sfun_registry.obj
 0004:00000690       $pdata$_ssRegisterSymbolicDimsExpr 000000018002a690     keypad_template_sfun_registry.obj
 0004:0000069c       $pdata$_ssRegisterSymbolicDims 000000018002a69c     keypad_template_sfun_registry.obj
 0004:000006a8       $pdata$_ssRegisterSymbolicDimsString 000000018002a6a8     keypad_template_sfun_registry.obj
 0004:000006b4       $pdata$_ssRegisterSymbolicDimsIntValue 000000018002a6b4     keypad_template_sfun_registry.obj
 0004:000006c0       $pdata$_ssRegisterSymbolicDimsPlus 000000018002a6c0     keypad_template_sfun_registry.obj
 0004:000006cc       $pdata$_ssRegisterSymbolicDimsMinus 000000018002a6cc     keypad_template_sfun_registry.obj
 0004:000006d8       $pdata$_ssRegisterSymbolicDimsMultiply 000000018002a6d8     keypad_template_sfun_registry.obj
 0004:000006e4       $pdata$_ssRegisterSymbolicDimsDivide 000000018002a6e4     keypad_template_sfun_registry.obj
 0004:000006f0       $pdata$_ssGetNumSymbolicDims 000000018002a6f0     keypad_template_sfun_registry.obj
 0004:000006fc       $pdata$_ssGetSymbolicDim   000000018002a6fc     keypad_template_sfun_registry.obj
 0004:00000708       $pdata$_ssSetInputPortSymbolicDimsId 000000018002a708     keypad_template_sfun_registry.obj
 0004:00000714       $pdata$_ssGetCompInputPortSymbolicDimsId 000000018002a714     keypad_template_sfun_registry.obj
 0004:00000720       $pdata$_ssSetCompInputPortSymbolicDimsId 000000018002a720     keypad_template_sfun_registry.obj
 0004:0000072c       $pdata$_ssSetOutputPortSymbolicDimsId 000000018002a72c     keypad_template_sfun_registry.obj
 0004:00000738       $pdata$_ssGetCompOutputPortSymbolicDimsId 000000018002a738     keypad_template_sfun_registry.obj
 0004:00000744       $pdata$_ssSetCompOutputPortSymbolicDimsId 000000018002a744     keypad_template_sfun_registry.obj
 0004:00000750       $pdata$_ssSetCompDWorkSymbolicDimsId 000000018002a750     keypad_template_sfun_registry.obj
 0004:0000075c       $pdata$sf_process_check_sum_call 000000018002a75c     keypad_template_sfun_registry.obj
 0004:00000768       $pdata$sf_process_testpoint_info_call 000000018002a768     keypad_template_sfun_registry.obj
 0004:00000774       $pdata$sf_process_autoinheritance_call 000000018002a774     keypad_template_sfun_registry.obj
 0004:00000780       $pdata$sf_process_get_third_party_uses_info_call 000000018002a780     keypad_template_sfun_registry.obj
 0004:0000078c       $pdata$sf_process_get_jit_fallback_info_call 000000018002a78c     keypad_template_sfun_registry.obj
 0004:00000798       $pdata$sf_process_get_updateBuildInfo_args_info_call 000000018002a798     keypad_template_sfun_registry.obj
 0004:000007a4       $pdata$sf_process_get_eml_resolved_functions_info_call 000000018002a7a4     keypad_template_sfun_registry.obj
 0004:000007b0       $pdata$sf_mex_unlock_call  000000018002a7b0     keypad_template_sfun_registry.obj
 0004:000007bc       $pdata$sf_debug_api_wrapper 000000018002a7bc     keypad_template_sfun_registry.obj
 0004:000007c8       $pdata$ProcessMexSfunctionCmdLineCall 000000018002a7c8     keypad_template_sfun_registry.obj
 0004:000007d4       $pdata$sf_machine_global_initializer_called 000000018002a7d4     keypad_template_sfun_registry.obj
 0004:000007e0       $pdata$sf_machine_global_method_dispatcher 000000018002a7e0     keypad_template_sfun_registry.obj
 0004:000007ec       $pdata$sf_machine_global_terminator 000000018002a7ec     keypad_template_sfun_registry.obj
 0004:000007f8       $pdata$sf_register_machine_exported_symbols 000000018002a7f8     keypad_template_sfun_registry.obj
 0004:00000804       $pdata$sf_machine_global_initializer 000000018002a804     keypad_template_sfun_registry.obj
 0004:00000810       $pdata$mdlGetSimState      000000018002a810     keypad_template_sfun_registry.obj
 0004:0000081c       $pdata$mdlSetSimState      000000018002a81c     keypad_template_sfun_registry.obj
 0004:00000828       $pdata$mdlSetWorkWidths    000000018002a828     keypad_template_sfun_registry.obj
 0004:00000834       $pdata$mdlProcessParameters 000000018002a834     keypad_template_sfun_registry.obj
 0004:00000840       $pdata$mdl_start_processing 000000018002a840     keypad_template_sfun_registry.obj
 0004:0000084c       $pdata$mdl_terminate_processing 000000018002a84c     keypad_template_sfun_registry.obj
 0004:00000858       $pdata$mdlStart            000000018002a858     keypad_template_sfun_registry.obj
 0004:00000864       $pdata$mdlTerminate        000000018002a864     keypad_template_sfun_registry.obj
 0004:00000870       $pdata$mdlInitializeSizes  000000018002a870     keypad_template_sfun_registry.obj
 0004:0000087c       $pdata$mdlInitializeSampleTimes 000000018002a87c     keypad_template_sfun_registry.obj
 0004:00000888       $pdata$mdl_outputs_continuous_legacy 000000018002a888     keypad_template_sfun_registry.obj
 0004:00000894       $pdata$mdl_outputs_processing 000000018002a894     keypad_template_sfun_registry.obj
 0004:000008a0       $pdata$mdl_zeroCrossings_processing 000000018002a8a0     keypad_template_sfun_registry.obj
 0004:000008ac       $pdata$mdlZeroCrossings    000000018002a8ac     keypad_template_sfun_registry.obj
 0004:000008b8       $pdata$mdl_derivatives_processing 000000018002a8b8     keypad_template_sfun_registry.obj
 0004:000008c4       $pdata$mdlDerivatives      000000018002a8c4     keypad_template_sfun_registry.obj
 0004:000008d0       $pdata$mdl_initialize_conditions_processing 000000018002a8d0     keypad_template_sfun_registry.obj
 0004:000008dc       $pdata$mdlInitializeConditions 000000018002a8dc     keypad_template_sfun_registry.obj
 0004:000008e8       $pdata$mdl_ext_mode_exec_processing 000000018002a8e8     keypad_template_sfun_registry.obj
 0004:000008f4       $pdata$mdlExtModeExec      000000018002a8f4     keypad_template_sfun_registry.obj
 0004:00000900       $pdata$mdlRTW              000000018002a900     keypad_template_sfun_registry.obj
 0004:0000090c       $pdata$mdl_enable_processing 000000018002a90c     keypad_template_sfun_registry.obj
 0004:00000918       $pdata$mdlEnable           000000018002a918     keypad_template_sfun_registry.obj
 0004:00000924       $pdata$mdl_disable_processing 000000018002a924     keypad_template_sfun_registry.obj
 0004:00000930       $pdata$mdlDisable          000000018002a930     keypad_template_sfun_registry.obj
 0004:0000093c       $pdata$mdlOutputs          000000018002a93c     keypad_template_sfun_registry.obj
 0004:00000948       $pdata$mdl_update_processing 000000018002a948     keypad_template_sfun_registry.obj
 0004:00000954       $pdata$mdlUpdate           000000018002a954     keypad_template_sfun_registry.obj
 0004:00000960       $pdata$ProcessMexSfunctionEveryCall 000000018002a960     keypad_template_sfun_registry.obj
 0004:0000096c       $pdata$_RegNumInputPortsCB 000000018002a96c     keypad_template_sfun_registry.obj
 0004:00000978       $pdata$_RegNumOutputPortsCB 000000018002a978     keypad_template_sfun_registry.obj
 0004:00000984       $pdata$_CreateSimStruct    000000018002a984     keypad_template_sfun_registry.obj
 0004:00000990       $pdata$_ProcessMexSfunctionCmdLineCall 000000018002a990     keypad_template_sfun_registry.obj
 0004:0000099c       $pdata$ReportIndexOutOfBoundsError 000000018002a99c     keypad_template_sfun_registry.obj
 0004:000009a8       $pdata$_vsnprintf_l        000000018002a9a8     keypad_template_sfun_registry.obj
 0004:000009b4       $pdata$_vsprintf_l         000000018002a9b4     keypad_template_sfun_registry.obj
 0004:000009c0       $pdata$sprintf             000000018002a9c0     keypad_template_sfun_registry.obj
 0004:000009cc       $pdata$__raise_securityfailure 000000018002a9cc     MSVCRT:gs_report.obj
 0004:000009d8       $pdata$__report_gsfailure  000000018002a9d8     MSVCRT:gs_report.obj
 0004:000009e4       $pdata$__report_rangecheckfailure 000000018002a9e4     MSVCRT:gs_report.obj
 0004:000009f0       $pdata$__report_securityfailure 000000018002a9f0     MSVCRT:gs_report.obj
 0004:000009fc       $pdata$__report_securityfailureEx 000000018002a9fc     MSVCRT:gs_report.obj
 0004:00000a08       $pdata$capture_current_context 000000018002aa08     MSVCRT:gs_report.obj
 0004:00000a14       $pdata$capture_previous_context 000000018002aa14     MSVCRT:gs_report.obj
 0004:00000a20       $pdata$__GSHandlerCheck    000000018002aa20     MSVCRT:_gshandler_.obj
 0004:00000a2c       $pdata$__GSHandlerCheckCommon 000000018002aa2c     MSVCRT:_gshandler_.obj
 0004:00000a50       $pdata$?dllmain_crt_dispatch@@YAHQEAUHINSTANCE__@@KQEAX@Z 000000018002aa50     MSVCRT:dll_dllmain.obj
 0004:00000a5c       $pdata$?dllmain_crt_process_attach@@YAHQEAUHINSTANCE__@@QEAX@Z 000000018002aa5c     MSVCRT:dll_dllmain.obj
 0004:00000a68       $pdata$?dllmain_crt_process_detach@@YAH_N@Z 000000018002aa68     MSVCRT:dll_dllmain.obj
 0004:00000a74       $pdata$?dllmain_dispatch@@YAHQEAUHINSTANCE__@@KQEAX@Z 000000018002aa74     MSVCRT:dll_dllmain.obj
 0004:00000a80       $pdata$_DllMainCRTStartup  000000018002aa80     MSVCRT:dll_dllmain.obj
 0004:00000a8c       $pdata$__get_entropy       000000018002aa8c     MSVCRT:gs_support.obj
 0004:00000a98       $pdata$__security_init_cookie 000000018002aa98     MSVCRT:gs_support.obj
 0004:00000aa4       $pdata$DllMain             000000018002aaa4     MSVCRT:dll_dllmain_stub.obj
 0004:00000ab0       $pdata$__scrt_initialize_default_local_stdio_options 000000018002aab0     MSVCRT:default_local_stdio_options.obj
 0004:00000abc       $pdata$?configure_argv@__scrt_narrow_argv_policy@@SAHXZ 000000018002aabc     MSVCRT:utility.obj
 0004:00000ac8       $pdata$__scrt_acquire_startup_lock 000000018002aac8     MSVCRT:utility.obj
 0004:00000ad4       $pdata$__scrt_dllmain_after_initialize_c 000000018002aad4     MSVCRT:utility.obj
 0004:00000ae0       $pdata$__scrt_dllmain_before_initialize_c 000000018002aae0     MSVCRT:utility.obj
 0004:00000aec       $pdata$__scrt_dllmain_crt_thread_attach 000000018002aaec     MSVCRT:utility.obj
 0004:00000af8       $pdata$__scrt_dllmain_crt_thread_detach 000000018002aaf8     MSVCRT:utility.obj
 0004:00000b04       $pdata$__scrt_dllmain_exception_filter 000000018002ab04     MSVCRT:utility.obj
 0004:00000b10       $pdata$__scrt_dllmain_uninitialize_c 000000018002ab10     MSVCRT:utility.obj
 0004:00000b1c       $pdata$__scrt_dllmain_uninitialize_critical 000000018002ab1c     MSVCRT:utility.obj
 0004:00000b28       $pdata$__scrt_initialize_crt 000000018002ab28     MSVCRT:utility.obj
 0004:00000b34       $pdata$__scrt_initialize_onexit_tables 000000018002ab34     MSVCRT:utility.obj
 0004:00000b40       $pdata$__scrt_is_nonwritable_in_current_image 000000018002ab40     MSVCRT:utility.obj
 0004:00000b4c       $pdata$__scrt_release_startup_lock 000000018002ab4c     MSVCRT:utility.obj
 0004:00000b58       $pdata$__scrt_uninitialize_crt 000000018002ab58     MSVCRT:utility.obj
 0004:00000b64       $pdata$_onexit             000000018002ab64     MSVCRT:utility.obj
 0004:00000b70       $pdata$atexit              000000018002ab70     MSVCRT:utility.obj
 0004:00000b7c       $pdata$__scrt_fastfail     000000018002ab7c     MSVCRT:utility_desktop.obj
 0004:00000b88       $pdata$__scrt_get_show_window_mode 000000018002ab88     MSVCRT:utility_desktop.obj
 0004:00000b94       $pdata$__scrt_is_managed_app 000000018002ab94     MSVCRT:utility_desktop.obj
 0004:00000ba0       $pdata$__scrt_unhandled_exception_filter 000000018002aba0     MSVCRT:utility_desktop.obj
 0004:00000bac       $pdata$_RTC_Initialize     000000018002abac     MSVCRT:_initsect_.obj
 0004:00000bb8       $pdata$_RTC_Terminate      000000018002abb8     MSVCRT:_initsect_.obj
 0004:00000bc4       $pdata$__isa_available_init 000000018002abc4     MSVCRT:_cpu_disp_.obj
 0004:00000bdc       $pdata$?fin$0@?0??dllmain_crt_process_attach@@YAHQEAUHINSTANCE__@@QEAX@Z@4HA 000000018002abdc     MSVCRT:dll_dllmain.obj
 0004:00000be8       $pdata$?fin$0@?0??dllmain_crt_process_detach@@YAH_N@Z@4HA 000000018002abe8     MSVCRT:dll_dllmain.obj
 0004:00000bf4       $pdata$?filt$0@?0??dllmain_dispatch@@YAHQEAUHINSTANCE__@@KQEAX@Z@4HA 000000018002abf4     MSVCRT:dll_dllmain.obj
 0004:00000c00       $pdata$__scrt_is_nonwritable_in_current_image$filt$0 000000018002ac00     MSVCRT:utility.obj
